Component: Arm Compiler for Embedded 6.21 Tool: armlink [5ec1fa00]

==============================================================================

Section Cross References

    startup_stm32f072xb.o(STACK) refers (Special) to heapauxi.o(.text) for __use_two_region_memory
    startup_stm32f072xb.o(HEAP) refers (Special) to heapauxi.o(.text) for __use_two_region_memory
    startup_stm32f072xb.o(RESET) refers (Special) to heapauxi.o(.text) for __use_two_region_memory
    startup_stm32f072xb.o(RESET) refers to startup_stm32f072xb.o(STACK) for __initial_sp
    startup_stm32f072xb.o(RESET) refers to startup_stm32f072xb.o(.text) for Reset_Handler
    startup_stm32f072xb.o(RESET) refers to stm32f0xx_it.o(.text.NMI_Handler) for NMI_Handler
    startup_stm32f072xb.o(RESET) refers to stm32f0xx_it.o(.text.HardFault_Handler) for HardFault_Handler
    startup_stm32f072xb.o(RESET) refers to stm32f0xx_it.o(.text.SVC_Handler) for SVC_Handler
    startup_stm32f072xb.o(RESET) refers to stm32f0xx_it.o(.text.PendSV_Handler) for PendSV_Handler
    startup_stm32f072xb.o(RESET) refers to stm32f0xx_it.o(.text.SysTick_Handler) for SysTick_Handler
    startup_stm32f072xb.o(.text) refers (Special) to heapauxi.o(.text) for __use_two_region_memory
    startup_stm32f072xb.o(.text) refers to system_stm32f0xx.o(.text.SystemInit) for SystemInit
    startup_stm32f072xb.o(.text) refers to __main.o(!!!main) for __main
    startup_stm32f072xb.o(.text) refers to startup_stm32f072xb.o(HEAP) for Heap_Mem
    startup_stm32f072xb.o(.text) refers to startup_stm32f072xb.o(STACK) for Stack_Mem
    main.o(.text) refers (Special) to _printf_percent.o(.ARM.Collect$$_printf_percent$$00000000) for _printf_percent
    main.o(.text) refers (Special) to _printf_u.o(.ARM.Collect$$_printf_percent$$0000000A) for _printf_u
    main.o(.text) refers (Special) to _printf_dec.o(.text) for _printf_int_dec
    main.o(.text.main) refers (Special) to _printf_percent.o(.ARM.Collect$$_printf_percent$$00000000) for _printf_percent
    main.o(.text.main) refers (Special) to _printf_u.o(.ARM.Collect$$_printf_percent$$0000000A) for _printf_u
    main.o(.text.main) refers (Special) to _printf_dec.o(.text) for _printf_int_dec
    main.o(.text.main) refers to stm32f0xx_hal.o(.text.HAL_Init) for HAL_Init
    main.o(.text.main) refers to rt_memclr.o(.text) for __aeabi_memclr4
    main.o(.text.main) refers to stm32f0xx_hal_rcc.o(.text.HAL_RCC_OscConfig) for HAL_RCC_OscConfig
    main.o(.text.main) refers to stm32f0xx_hal_rcc.o(.text.HAL_RCC_ClockConfig) for HAL_RCC_ClockConfig
    main.o(.text.main) refers to stm32f0xx_hal_gpio.o(.text.HAL_GPIO_Init) for HAL_GPIO_Init
    main.o(.text.main) refers to stm32f0xx_hal_adc.o(.text.HAL_ADC_Init) for HAL_ADC_Init
    main.o(.text.main) refers to stm32f0xx_hal.o(.text.HAL_Delay) for HAL_Delay
    main.o(.text.main) refers to main.o(.text.CharReader) for CharReader
    main.o(.text.main) refers to main.o(.text.UARTBegin) for UARTBegin
    main.o(.text.main) refers to stm32f0xx_hal.o(.text.HAL_GetTick) for HAL_GetTick
    main.o(.text.main) refers to main.o(.text.StoreADC) for StoreADC
    main.o(.text.main) refers to main.o(.text.SaveGesture) for SaveGesture
    main.o(.text.main) refers to main.o(.text.TestGesture) for TestGesture
    main.o(.text.main) refers to main.o(.rodata..L__const.ADCInit.adc) for [Anonymous Symbol]
    main.o(.text.main) refers to main.o(.bss.hadc) for hadc
    main.o(.text.main) refers to main.o(.bss..L_MergedGlobals.25) for [Anonymous Symbol]
    main.o(.text.main) refers to main.o(.rodata.str1.1) for [Anonymous Symbol]
    main.o(.ARM.exidx.text.main) refers (Special) to _printf_percent.o(.ARM.Collect$$_printf_percent$$00000000) for _printf_percent
    main.o(.ARM.exidx.text.main) refers (Special) to _printf_u.o(.ARM.Collect$$_printf_percent$$0000000A) for _printf_u
    main.o(.ARM.exidx.text.main) refers (Special) to _printf_dec.o(.text) for _printf_int_dec
    main.o(.ARM.exidx.text.main) refers to main.o(.text.main) for [Anonymous Symbol]
    main.o(.text.SystemClock_Config) refers (Special) to _printf_percent.o(.ARM.Collect$$_printf_percent$$00000000) for _printf_percent
    main.o(.text.SystemClock_Config) refers (Special) to _printf_u.o(.ARM.Collect$$_printf_percent$$0000000A) for _printf_u
    main.o(.text.SystemClock_Config) refers (Special) to _printf_dec.o(.text) for _printf_int_dec
    main.o(.text.SystemClock_Config) refers to rt_memclr.o(.text) for __aeabi_memclr4
    main.o(.text.SystemClock_Config) refers to stm32f0xx_hal_rcc.o(.text.HAL_RCC_OscConfig) for HAL_RCC_OscConfig
    main.o(.text.SystemClock_Config) refers to stm32f0xx_hal_rcc.o(.text.HAL_RCC_ClockConfig) for HAL_RCC_ClockConfig
    main.o(.ARM.exidx.text.SystemClock_Config) refers (Special) to _printf_percent.o(.ARM.Collect$$_printf_percent$$00000000) for _printf_percent
[...]
    Removing stm32f0xx_hal_tim.o(.text), (0 bytes).
    Removing stm32f0xx_hal_tim_ex.o(.text), (0 bytes).
    Removing system_stm32f0xx.o(.text), (0 bytes).
    Removing system_stm32f0xx.o(.ARM.exidx.text.SystemInit), (8 bytes).
    Removing system_stm32f0xx.o(.text.SystemCoreClockUpdate), (96 bytes).
    Removing system_stm32f0xx.o(.ARM.exidx.text.SystemCoreClockUpdate), (8 bytes).
    Removing system_stm32f0xx.o(.rodata.APBPrescTable), (8 bytes).
    Removing neural_network_embedded_sys.o(.text), (0 bytes).
    Removing neural_network_embedded_sys.o(.text.rt_roundd_snf), (120 bytes).
    Removing neural_network_embedded_sys.o(.ARM.exidx.text.rt_roundd_snf), (8 bytes).
    Removing neural_network_embedded_sys.o(.text.Neural_network_Embedded_sys_step), (2144 bytes).
    Removing neural_network_embedded_sys.o(.ARM.exidx.text.Neural_network_Embedded_sys_step), (8 bytes).
    Removing neural_network_embedded_sys.o(.text.Neural_network_Embedded_sys_initialize), (112 bytes).
    Removing neural_network_embedded_sys.o(.ARM.exidx.text.Neural_network_Embedded_sys_initialize), (8 bytes).
    Removing neural_network_embedded_sys.o(.bss.rtM_), (4 bytes).
    Removing neural_network_embedded_sys.o(.rodata.rtM), (4 bytes).
    Removing neural_network_embedded_sys.o(.rodata.Neural_network_Embedded_sys_step.tanhTable_0), (416 bytes).
    Removing neural_network_embedded_sys.o(.rodata.Neural_network_Embedded_sys_step.atanhTable), (416 bytes).
    Removing neural_network_embedded_sys.o(.bss.rtDW), (952 bytes).
    Removing neural_network_embedded_sys.o(.bss.rtU), (8 bytes).
    Removing neural_network_embedded_sys.o(.bss..L_MergedGlobals), (48 bytes).

587 unused section(s) (total 34013 bytes) removed from the image.

==============================================================================

Image Symbol Table

    Local Symbols

    Symbol Name                              Value     Ov Type        Size  Object(Section)

    ../clib/../cmprslib/lz77c.c              0x00000000   Number         0  __dclz77c.o ABSOLUTE
    ../clib/angel/boardlib.s                 0x00000000   Number         0  boardinit1.o ABSOLUTE
    ../clib/angel/boardlib.s                 0x00000000   Number         0  boardinit2.o ABSOLUTE
    ../clib/angel/boardlib.s                 0x00000000   Number         0  boardinit3.o ABSOLUTE
    ../clib/angel/boardlib.s                 0x00000000   Number         0  boardshut.o ABSOLUTE
    ../clib/angel/handlers.s                 0x00000000   Number         0  __scatter_zi.o ABSOLUTE
    ../clib/angel/kernel.s                   0x00000000   Number         0  __rtentry.o ABSOLUTE
    ../clib/angel/kernel.s                   0x00000000   Number         0  __rtentry2.o ABSOLUTE
    ../clib/angel/kernel.s                   0x00000000   Number         0  __rtentry4.o ABSOLUTE
    ../clib/angel/kernel.s                   0x00000000   Number         0  rtexit.o ABSOLUTE
    ../clib/angel/kernel.s                   0x00000000   Number         0  rtexit2.o ABSOLUTE
    ../clib/angel/rt.s                       0x00000000   Number         0  aeabi_idiv0.o ABSOLUTE
    ../clib/angel/rt.s                       0x00000000   Number         0  aeabi_idiv0_sigfpe.o ABSOLUTE
    ../clib/angel/rt.s                       0x00000000   Number         0  rt_heap_descriptor.o ABSOLUTE
    ../clib/angel/rt.s                       0x00000000   Number         0  rt_heap_descriptor_intlibspace.o ABSOLUTE
    ../clib/angel/rt.s                       0x00000000   Number         0  rt_div0.o ABSOLUTE
    ../clib/angel/rt.s                       0x00000000   Number         0  rt_errno_addr.o ABSOLUTE
    ../clib/angel/rt.s                       0x00000000   Number         0  rt_errno_addr_intlibspace.o ABSOLUTE
    ../clib/angel/rt.s                       0x00000000   Number         0  rt_raise.o ABSOLUTE
    ../clib/angel/scatterp.s                 0x00000000   Number         0  __scatter.o ABSOLUTE
    ../clib/angel/startup.s                  0x00000000   Number         0  __main.o ABSOLUTE
    ../clib/angel/sys.s                      0x00000000   Number         0  mutex_dummy.o ABSOLUTE
    ../clib/angel/sys.s                      0x00000000   Number         0  libspace.o ABSOLUTE
    ../clib/angel/sys.s                      0x00000000   Number         0  use_no_semi.o ABSOLUTE
    ../clib/angel/sys.s                      0x00000000   Number         0  indicate_semi.o ABSOLUTE
    ../clib/angel/sys.s                      0x00000000   Number         0  sys_stackheap_outer.o ABSOLUTE
    ../clib/angel/sys.s                      0x00000000   Number         0  tempstk.o ABSOLUTE
    ../clib/angel/sysapp.c                   0x00000000   Number         0  sys_command.o ABSOLUTE
    ../clib/angel/sysapp.c                   0x00000000   Number         0  sys_command_hlt.o ABSOLUTE
    ../clib/angel/sysapp.c                   0x00000000   Number         0  sys_exit.o ABSOLUTE
    ../clib/angel/sysapp.c                   0x00000000   Number         0  sys_exit_hlt.o ABSOLUTE
    ../clib/angel/sysapp.c                   0x00000000   Number         0  sys_wrch.o ABSOLUTE
    ../clib/angel/sysapp.c                   0x00000000   Number         0  sys_wrch_hlt.o ABSOLUTE
    ../clib/armsys.c                         0x00000000   Number         0  _get_argv.o ABSOLUTE
    ../clib/armsys.c                         0x00000000   Number         0  argv_veneer.o ABSOLUTE
    ../clib/armsys.c                         0x00000000   Number         0  _get_argv_nomalloc.o ABSOLUTE
    ../clib/armsys.c                         0x00000000   Number         0  no_argv.o ABSOLUTE
    ../clib/division.c                       0x00000000   Number         0  rtudiv10.o ABSOLUTE
    ../clib/division.s                       0x00000000   Number         0  aeabi_sdivfast.o ABSOLUTE
    ../clib/division.s                       0x00000000   Number         0  aeabi_sdivfast_div0.o ABSOLUTE
    ../clib/fenv.c                           0x00000000   Number         0  _rserrno.o ABSOLUTE
    ../clib/heap1.c                          0x00000000   Number         0  h1_alloc.o ABSOLUTE
    ../clib/heap1.c                          0x00000000   Number         0  h1_free.o ABSOLUTE
    ../clib/heap1.c                          0x00000000   Number         0  h1_alloc_threads.o ABSOLUTE
    ../clib/heap1.c                          0x00000000   Number         0  h1_free_threads.o ABSOLUTE
    ../clib/heap1.c                          0x00000000   Number         0  h1_init.o ABSOLUTE
    ../clib/heap1.c                          0x00000000   Number         0  h1_init_threads.o ABSOLUTE
    ../clib/heap1.c                          0x00000000   Number         0  h1_extend.o ABSOLUTE
    ../clib/heap1.c                          0x00000000   Number         0  h1_extend_threads.o ABSOLUTE
    ../clib/heap1.c                          0x00000000   Number         0  h1_final.o ABSOLUTE
    ../clib/heap1.c                          0x00000000   Number         0  h1_final_threads.o ABSOLUTE
    ../clib/heap2.c                          0x00000000   Number         0  heap2.o ABSOLUTE
    ../clib/heap2.c                          0x00000000   Number         0  heap2_threads.o ABSOLUTE
    ../clib/heap2.c                          0x00000000   Number         0  fdtree.o ABSOLUTE
    ../clib/heapalloc.c                      0x00000000   Number         0  malloc.o ABSOLUTE
    ../clib/heapalloc.c                      0x00000000   Number         0  free.o ABSOLUTE
    ../clib/heapalloc.c                      0x00000000   Number         0  hguard.o ABSOLUTE
    ../clib/heapalloc.c                      0x00000000   Number         0  init_alloc.o ABSOLUTE
    ../clib/heapalloc.c                      0x00000000   Number         0  heapstubs.o ABSOLUTE
    ../clib/heapalloc.c                      0x00000000   Number         0  hrguard.o ABSOLUTE
    ../clib/heapalloc.c                      0x00000000   Number         0  term_alloc.o ABSOLUTE
    ../clib/heapaux.c                        0x00000000   Number         0  heapauxi.o ABSOLUTE
    ../clib/heapaux.c                        0x00000000   Number         0  heapauxa.o ABSOLUTE
    ../clib/libinit.s                        0x00000000   Number         0  libinit2.o ABSOLUTE
    ../clib/libinit.s                        0x00000000   Number         0  libinit.o ABSOLUTE
    ../clib/libinit.s                        0x00000000   Number         0  libshutdown2.o ABSOLUTE
    ../clib/libinit.s                        0x00000000   Number         0  libshutdown.o ABSOLUTE
    ../clib/longlong.c                       0x00000000   Number         0  llushr.o ABSOLUTE
    ../clib/longlong.c                       0x00000000   Number         0  llmul.o ABSOLUTE
    ../clib/maybe.s                          0x00000000   Number         0  maybetermalloc1.o ABSOLUTE
    ../clib/maybe.s                          0x00000000   Number         0  maybetermalloc2.o ABSOLUTE
    ../clib/memcpset.c                       0x00000000   Number         0  rt_memcpy.o ABSOLUTE
    ../clib/memcpset.c                       0x00000000   Number         0  rt_memcpy.o ABSOLUTE
    ../clib/memcpset.c                       0x00000000   Number         0  rt_memclr.o ABSOLUTE
    ../clib/misc.s                           0x00000000   Number         0  printf_stubs.o ABSOLUTE
    ../clib/printf.c                         0x00000000   Number         0  __2sprintf.o ABSOLUTE
    ../clib/printf.c                         0x00000000   Number         0  noretval__2sprintf.o ABSOLUTE
    ../clib/printf.c                         0x00000000   Number         0  __printf.o ABSOLUTE
    ../clib/printf.c                         0x00000000   Number         0  _printf_dec.o ABSOLUTE
    ../clib/printf.c                         0x00000000   Number         0  __printf_flags.o ABSOLUTE
    ../clib/printf.c                         0x00000000   Number         0  __printf_ss.o ABSOLUTE
    ../clib/printf.c                         0x00000000   Number         0  __printf_flags_ss.o ABSOLUTE
    ../clib/printf.c                         0x00000000   Number         0  __printf_wp.o ABSOLUTE
    ../clib/printf.c                         0x00000000   Number         0  __printf_flags_wp.o ABSOLUTE
    ../clib/printf.c                         0x00000000   Number         0  __printf_ss_wp.o ABSOLUTE
    ../clib/printf.c                         0x00000000   Number         0  __printf_flags_ss_wp.o ABSOLUTE
    ../clib/printf.c                         0x00000000   Number         0  _printf_intcommon.o ABSOLUTE
    ../clib/printf.c                         0x00000000   Number         0  _printf_char_common.o ABSOLUTE
    ../clib/printf.c                         0x00000000   Number         0  _sputc.o ABSOLUTE
    ../clib/printf.c                         0x00000000   Number         0  __printf_nopercent.o ABSOLUTE
    ../clib/printf_percent.s                 0x00000000   Number         0  _printf_u.o ABSOLUTE
    ../clib/printf_percent.s                 0x00000000   Number         0  _printf_percent.o ABSOLUTE
    ../clib/printf_percent.s                 0x00000000   Number         0  _printf_percent_end.o ABSOLUTE
    ../clib/signal.c                         0x00000000   Number         0  defsig_rtmem_outer.o ABSOLUTE
    ../clib/signal.c                         0x00000000   Number         0  defsig_rtmem_formal.o ABSOLUTE
    ../clib/signal.c                         0x00000000   Number         0  defsig_exit.o ABSOLUTE
    ../clib/signal.c                         0x00000000   Number         0  defsig_fpe_outer.o ABSOLUTE
    ../clib/signal.c                         0x00000000   Number         0  defsig_fpe_formal.o ABSOLUTE
    ../clib/signal.c                         0x00000000   Number         0  defsig_rtmem_inner.o ABSOLUTE
    ../clib/signal.c                         0x00000000   Number         0  __raise.o ABSOLUTE
    ../clib/signal.c                         0x00000000   Number         0  defsig_general.o ABSOLUTE
    ../clib/signal.c                         0x00000000   Number         0  defsig_fpe_inner.o ABSOLUTE
    ../clib/signal.c                         0x00000000   Number         0  defsig_abrt_inner.o ABSOLUTE
    ../clib/signal.c                         0x00000000   Number         0  defsig_rtred_inner.o ABSOLUTE
    ../clib/signal.c                         0x00000000   Number         0  defsig_stak_inner.o ABSOLUTE
    ../clib/signal.c                         0x00000000   Number         0  defsig_pvfn_inner.o ABSOLUTE
    ../clib/signal.c                         0x00000000   Number         0  defsig_cppl_inner.o ABSOLUTE
    ../clib/signal.c                         0x00000000   Number         0  defsig_segv_inner.o ABSOLUTE
    ../clib/signal.c                         0x00000000   Number         0  defsig_other.o ABSOLUTE
    ../clib/signal.s                         0x00000000   Number         0  defsig.o ABSOLUTE
    ../clib/stdlib.c                         0x00000000   Number         0  exit.o ABSOLUTE
    ../fplib/cfplib/cmp.c                    0x00000000   Number         0  dcmp.o ABSOLUTE
    ../fplib/cfplib/cmpret.c                 0x00000000   Number         0  cmpret.o ABSOLUTE
    ../fplib/cfplib/daddsub.c                0x00000000   Number         0  daddsub.o ABSOLUTE
    ../fplib/cfplib/dcmpin.c                 0x00000000   Number         0  dcmpin.o ABSOLUTE
    ../fplib/cfplib/ddiv.c                   0x00000000   Number         0  ddiv.o ABSOLUTE
    ../fplib/cfplib/dmul.c                   0x00000000   Number         0  dmul.o ABSOLUTE
    ../fplib/cfplib/fdiv.c                   0x00000000   Number         0  fdiv.o ABSOLUTE
    ../fplib/cfplib/ffix.c                   0x00000000   Number         0  dfixi.o ABSOLUTE
    ../fplib/cfplib/ffix.c                   0x00000000   Number         0  ffixui.o ABSOLUTE
    ../fplib/cfplib/fflt.c                   0x00000000   Number         0  fflti.o ABSOLUTE
    ../fplib/cfplib/fflt.c                   0x00000000   Number         0  dflti.o ABSOLUTE
    ../fplib/cfplib/fpinit.c                 0x00000000   Number         0  fpinit.o ABSOLUTE
    ../fplib/cfplib/nan2.c                   0x00000000   Number         0  dnan2.o ABSOLUTE
    ../fplib/cfplib/retnan.c                 0x00000000   Number         0  retnan.o ABSOLUTE
    ../fplib/cfplib/scalbn.c                 0x00000000   Number         0  dscalbn.o ABSOLUTE
    ../fplib/deqf6m.s                        0x00000000   Number         0  deqf.o ABSOLUTE
    ../fplib/dgeqf6m.s                       0x00000000   Number         0  dgef.o ABSOLUTE
    ../fplib/dleqf6m.s                       0x00000000   Number         0  dlef.o ABSOLUTE
    ../fplib/drleqf6m.s                      0x00000000   Number         0  drlef.o ABSOLUTE
    ../fplib/faddsub6m.s                     0x00000000   Number         0  faddsub.o ABSOLUTE
    ../fplib/fmul6m.s                        0x00000000   Number         0  fmul.o ABSOLUTE
    ../fplib/usenofp.s                       0x00000000   Number         0  usenofp.o ABSOLUTE
    ../mathlib/ceil.c                        0x00000000   Number         0  ceil.o ABSOLUTE
    ../mathlib/dunder.c                      0x00000000   Number         0  dunder.o ABSOLUTE
    ../mathlib/exp.c                         0x00000000   Number         0  exp.o ABSOLUTE
    ../mathlib/floor.c                       0x00000000   Number         0  floor.o ABSOLUTE
    ../mathlib/fpclassify.c                  0x00000000   Number         0  fpclassify.o ABSOLUTE
    ../mathlib/ldexp.c                       0x00000000   Number         0  ldexp.o ABSOLUTE
    ../mathlib/poly.c                        0x00000000   Number         0  poly.o ABSOLUTE
    Neural_network_Embedded_sys.c            0x00000000   Number         0  neural_network_embedded_sys.o ABSOLUTE
    dc.s                                     0x00000000   Number         0  dc.o ABSOLUTE
    main.c                                   0x00000000   Number         0  main.o ABSOLUTE
    startup_stm32f072xb.s                    0x00000000   Number         0  startup_stm32f072xb.o ABSOLUTE
    stm32f0xx_hal.c                          0x00000000   Number         0  stm32f0xx_hal.o ABSOLUTE
    stm32f0xx_hal_adc.c                      0x00000000   Number         0  stm32f0xx_hal_adc.o ABSOLUTE
    stm32f0xx_hal_adc_ex.c                   0x00000000   Number         0  stm32f0xx_hal_adc_ex.o ABSOLUTE
    stm32f0xx_hal_cortex.c                   0x00000000   Number         0  stm32f0xx_hal_cortex.o ABSOLUTE
    stm32f0xx_hal_dma.c                      0x00000000   Number         0  stm32f0xx_hal_dma.o ABSOLUTE
    stm32f0xx_hal_exti.c                     0x00000000   Number         0  stm32f0xx_hal_exti.o ABSOLUTE
    stm32f0xx_hal_flash.c                    0x00000000   Number         0  stm32f0xx_hal_flash.o ABSOLUTE
    stm32f0xx_hal_flash_ex.c                 0x00000000   Number         0  stm32f0xx_hal_flash_ex.o ABSOLUTE
    stm32f0xx_hal_gpio.c                     0x00000000   Number         0  stm32f0xx_hal_gpio.o ABSOLUTE
    stm32f0xx_hal_i2c.c                      0x00000000   Number         0  stm32f0xx_hal_i2c.o ABSOLUTE
    stm32f0xx_hal_i2c_ex.c                   0x00000000   Number         0  stm32f0xx_hal_i2c_ex.o ABSOLUTE
    stm32f0xx_hal_msp.c                      0x00000000   Number         0  stm32f0xx_hal_msp.o ABSOLUTE
    stm32f0xx_hal_pwr.c                      0x00000000   Number         0  stm32f0xx_hal_pwr.o ABSOLUTE
    stm32f0xx_hal_pwr_ex.c                   0x00000000   Number         0  stm32f0xx_hal_pwr_ex.o ABSOLUTE
    stm32f0xx_hal_rcc.c                      0x00000000   Number         0  stm32f0xx_hal_rcc.o ABSOLUTE
    stm32f0xx_hal_rcc_ex.c                   0x00000000   Number         0  stm32f0xx_hal_rcc_ex.o ABSOLUTE
    stm32f0xx_hal_tim.c                      0x00000000   Number         0  stm32f0xx_hal_tim.o ABSOLUTE
    stm32f0xx_hal_tim_ex.c                   0x00000000   Number         0  stm32f0xx_hal_tim_ex.o ABSOLUTE
    stm32f0xx_it.c                           0x00000000   Number         0  stm32f0xx_it.o ABSOLUTE
    system_stm32f0xx.c                       0x00000000   Number         0  system_stm32f0xx.o ABSOLUTE
    RESET                                    0x08000000   Section      192  startup_stm32f072xb.o(RESET)
    !!!main                                  0x080000c0   Section        8  __main.o(!!!main)
    !!!scatter                               0x080000c8   Section       84  __scatter.o(!!!scatter)
    !!handler_null                           0x0800011c   Section        2  __scatter.o(!!handler_null)
    !!handler_zi                             0x08000120   Section       28  __scatter_zi.o(!!handler_zi)
    .ARM.Collect$$_printf_percent$$00000000  0x0800013c   Section        2  _printf_percent.o(.ARM.Collect$$_printf_percent$$00000000)
    .ARM.Collect$$_printf_percent$$0000000A  0x0800013e   Section       10  _printf_u.o(.ARM.Collect$$_printf_percent$$0000000A)
    .ARM.Collect$$_printf_percent$$00000017  0x08000148   Section        4  _printf_percent_end.o(.ARM.Collect$$_printf_percent$$00000017)
    .ARM.Collect$$libinit$$00000000          0x0800014c   Section        2  libinit.o(.ARM.Collect$$libinit$$00000000)
    .ARM.Collect$$libinit$$00000002          0x0800014e   Section        0  libinit2.o(.ARM.Collect$$libinit$$00000002)
    .ARM.Collect$$libinit$$00000004          0x0800014e   Section        0  libinit2.o(.ARM.Collect$$libinit$$00000004)
    .ARM.Collect$$libinit$$00000006          0x0800014e   Section        0  libinit2.o(.ARM.Collect$$libinit$$00000006)
    .ARM.Collect$$libinit$$00000007          0x0800014e   Section        8  libinit2.o(.ARM.Collect$$libinit$$00000007)
    .ARM.Collect$$libinit$$0000000C          0x08000156   Section        0  libinit2.o(.ARM.Collect$$libinit$$0000000C)
    .ARM.Collect$$libinit$$0000000E          0x08000156   Section        0  libinit2.o(.ARM.Collect$$libinit$$0000000E)
    .ARM.Collect$$libinit$$00000010          0x08000156   Section        0  libinit2.o(.ARM.Collect$$libinit$$00000010)
    .ARM.Collect$$libinit$$00000013          0x08000156   Section        0  libinit2.o(.ARM.Collect$$libinit$$00000013)
    .ARM.Collect$$libinit$$00000015          0x08000156   Section        0  libinit2.o(.ARM.Collect$$libinit$$00000015)
    .ARM.Collect$$libinit$$00000017          0x08000156   Section        0  libinit2.o(.ARM.Collect$$libinit$$00000017)
    .ARM.Collect$$libinit$$00000019          0x08000156   Section        0  libinit2.o(.ARM.Collect$$libinit$$00000019)
    .ARM.Collect$$libinit$$0000001B          0x08000156   Section        0  libinit2.o(.ARM.Collect$$libinit$$0000001B)
    .ARM.Collect$$libinit$$0000001D          0x08000156   Section        0  libinit2.o(.ARM.Collect$$libinit$$0000001D)
    .ARM.Collect$$libinit$$0000001F          0x08000156   Section        0  libinit2.o(.ARM.Collect$$libinit$$0000001F)
    .ARM.Collect$$libinit$$00000021          0x08000156   Section        0  libinit2.o(.ARM.Collect$$libinit$$00000021)
    .ARM.Collect$$libinit$$00000023          0x08000156   Section        0  libinit2.o(.ARM.Collect$$libinit$$00000023)
    .ARM.Collect$$libinit$$00000025          0x08000156   Section        0  libinit2.o(.ARM.Collect$$libinit$$00000025)
    .ARM.Collect$$libinit$$00000027          0x08000156   Section        0  libinit2.o(.ARM.Collect$$libinit$$00000027)
    .ARM.Collect$$libinit$$0000002E          0x08000156   Section        0  libinit2.o(.ARM.Collect$$libinit$$0000002E)
    .ARM.Collect$$libinit$$00000030          0x08000156   Section        0  libinit2.o(.ARM.Collect$$libinit$$00000030)
    .ARM.Collect$$libinit$$00000032          0x08000156   Section        0  libinit2.o(.ARM.Collect$$libinit$$00000032)
    .ARM.Collect$$libinit$$00000034          0x08000156   Section        0  libinit2.o(.ARM.Collect$$libinit$$00000034)
    .ARM.Collect$$libinit$$00000035          0x08000156   Section        2  libinit2.o(.ARM.Collect$$libinit$$00000035)
    .ARM.Collect$$libshutdown$$00000000      0x08000158   Section        2  libshutdown.o(.ARM.Collect$$libshutdown$$00000000)
    .ARM.Collect$$libshutdown$$00000002      0x0800015a   Section        0  libshutdown2.o(.ARM.Collect$$libshutdown$$00000002)
    .ARM.Collect$$libshutdown$$00000004      0x0800015a   Section        0  libshutdown2.o(.ARM.Collect$$libshutdown$$00000004)
    .ARM.Collect$$libshutdown$$00000007      0x0800015a   Section        0  libshutdown2.o(.ARM.Collect$$libshutdown$$00000007)
    .ARM.Collect$$libshutdown$$0000000A      0x0800015a   Section        0  libshutdown2.o(.ARM.Collect$$libshutdown$$0000000A)
    .ARM.Collect$$libshutdown$$0000000C      0x0800015a   Section        0  libshutdown2.o(.ARM.Collect$$libshutdown$$0000000C)
    .ARM.Collect$$libshutdown$$0000000F      0x0800015a   Section        0  libshutdown2.o(.ARM.Collect$$libshutdown$$0000000F)
    .ARM.Collect$$libshutdown$$00000010      0x0800015a   Section        2  libshutdown2.o(.ARM.Collect$$libshutdown$$00000010)
    .ARM.Collect$$rtentry$$00000000          0x0800015c   Section        0  __rtentry.o(.ARM.Collect$$rtentry$$00000000)
    .ARM.Collect$$rtentry$$00000002          0x0800015c   Section        0  __rtentry2.o(.ARM.Collect$$rtentry$$00000002)
    .ARM.Collect$$rtentry$$00000004          0x0800015c   Section        6  __rtentry4.o(.ARM.Collect$$rtentry$$00000004)
    .ARM.Collect$$rtentry$$00000009          0x08000162   Section        0  __rtentry2.o(.ARM.Collect$$rtentry$$00000009)
    .ARM.Collect$$rtentry$$0000000A          0x08000162   Section        4  __rtentry2.o(.ARM.Collect$$rtentry$$0000000A)
    .ARM.Collect$$rtentry$$0000000C          0x08000166   Section        0  __rtentry2.o(.ARM.Collect$$rtentry$$0000000C)
    .ARM.Collect$$rtentry$$0000000D          0x08000166   Section        8  __rtentry2.o(.ARM.Collect$$rtentry$$0000000D)
    .ARM.Collect$$rtexit$$00000000           0x0800016e   Section        2  rtexit.o(.ARM.Collect$$rtexit$$00000000)
    .ARM.Collect$$rtexit$$00000002           0x08000170   Section        0  rtexit2.o(.ARM.Collect$$rtexit$$00000002)
    .ARM.Collect$$rtexit$$00000003           0x08000170   Section        4  rtexit2.o(.ARM.Collect$$rtexit$$00000003)
    .ARM.Collect$$rtexit$$00000004           0x08000174   Section        6  rtexit2.o(.ARM.Collect$$rtexit$$00000004)
    .text                                    0x0800017c   Section       56  startup_stm32f072xb.o(.text)
    .text                                    0x080001b4   Section        0  h1_alloc.o(.text)
    .text                                    0x08000216   Section        0  h1_free.o(.text)
    .text                                    0x08000264   Section        0  __2sprintf.o(.text)
    .text                                    0x08000290   Section        0  _printf_dec.o(.text)
    .text                                    0x080002fc   Section        0  __printf_ss.o(.text)
    .text                                    0x080003ba   Section        0  rt_memclr.o(.text)
    .text                                    0x080003fa   Section        0  heapauxi.o(.text)
    .text                                    0x08000400   Section        0  fdiv.o(.text)
    .text                                    0x08000560   Section        0  ffixui.o(.text)
    .text                                    0x08000590   Section        0  fflti.o(.text)
    .text                                    0x080005f0   Section        8  rt_heap_descriptor_intlibspace.o(.text)
    .text                                    0x080005f8   Section        0  hguard.o(.text)
    .text                                    0x080005fc   Section        0  init_alloc.o(.text)
    .text                                    0x08000684   Section        0  h1_init.o(.text)
    .text                                    0x08000690   Section        0  _printf_intcommon.o(.text)
    _printf_input_char                       0x08000741   Thumb Code    10  _printf_char_common.o(.text)
    .text                                    0x08000740   Section        0  _printf_char_common.o(.text)
    .text                                    0x08000770   Section        0  _sputc.o(.text)
    .text                                    0x0800077a   Section        0  rtudiv10.o(.text)
    .text                                    0x080007a4   Section        8  libspace.o(.text)
    .text                                    0x080007ac   Section        0  maybetermalloc1.o(.text)
    .text                                    0x080007ac   Section        0  h1_extend.o(.text)
    .text                                    0x080007e0   Section        0  defsig_rtmem_outer.o(.text)
    .text                                    0x080007ec   Section        2  use_no_semi.o(.text)
    .text                                    0x080007ee   Section        0  indicate_semi.o(.text)
    .text                                    0x080007ee   Section       62  sys_stackheap_outer.o(.text)
    .text                                    0x0800082c   Section        0  exit.o(.text)
    .text                                    0x0800083c   Section        0  defsig_exit.o(.text)
    .text                                    0x08000848   Section        0  defsig_rtmem_inner.o(.text)
    .text                                    0x08000898   Section        0  sys_exit.o(.text)
    .text                                    0x080008a4   Section        0  defsig_general.o(.text)
    .text                                    0x080008d8   Section        0  sys_wrch.o(.text)
    .text                                    0x080008e4   Section        0  __dclz77c.o(.text)
    ADC_Enable                               0x08000945   Thumb Code   172  stm32f0xx_hal_adc.o(.text.ADC_Enable)
    [Anonymous Symbol]                       0x08000944   Section        0  stm32f0xx_hal_adc.o(.text.ADC_Enable)
    __arm_cp.5_0                             0x080009f0   Number         4  stm32f0xx_hal_adc.o(.text.ADC_Enable)
    __arm_cp.5_1                             0x080009f4   Number         4  stm32f0xx_hal_adc.o(.text.ADC_Enable)
    __arm_cp.5_2                             0x080009f8   Number         4  stm32f0xx_hal_adc.o(.text.ADC_Enable)
    [Anonymous Symbol]                       0x080009fc   Section        0  main.o(.text.ApproxGesture)
    __arm_cp.19_0                            0x08000aac   Number         4  main.o(.text.ApproxGesture)
    __arm_cp.19_1                            0x08000ab0   Number         4  main.o(.text.ApproxGesture)
    [Anonymous Symbol]                       0x08000ae4   Section        0  main.o(.text.CharReader)
    __arm_cp.22_0                            0x08000cb0   Number         4  main.o(.text.CharReader)
    __arm_cp.22_1                            0x08000cb4   Number         4  main.o(.text.CharReader)
    [Anonymous Symbol]                       0x08000cb8   Section        0  stm32f0xx_hal_adc.o(.text.HAL_ADC_ConfigChannel)
    __arm_cp.22_0                            0x08000de4   Number         4  stm32f0xx_hal_adc.o(.text.HAL_ADC_ConfigChannel)
    __arm_cp.22_1                            0x08000de8   Number         4  stm32f0xx_hal_adc.o(.text.HAL_ADC_ConfigChannel)
    __arm_cp.22_2                            0x08000dec   Number         4  stm32f0xx_hal_adc.o(.text.HAL_ADC_ConfigChannel)
    __arm_cp.22_3                            0x08000df0   Number         4  stm32f0xx_hal_adc.o(.text.HAL_ADC_ConfigChannel)
    __arm_cp.22_4                            0x08000df4   Number         4  stm32f0xx_hal_adc.o(.text.HAL_ADC_ConfigChannel)
    __arm_cp.22_5                            0x08000df8   Number         4  stm32f0xx_hal_adc.o(.text.HAL_ADC_ConfigChannel)
    __arm_cp.22_6                            0x08000dfc   Number         4  stm32f0xx_hal_adc.o(.text.HAL_ADC_ConfigChannel)
    [Anonymous Symbol]                       0x08000e00   Section        0  stm32f0xx_hal_adc.o(.text.HAL_ADC_GetValue)
    [Anonymous Symbol]                       0x08000e08   Section        0  stm32f0xx_hal_adc.o(.text.HAL_ADC_Init)
    __arm_cp.0_0                             0x08000f50   Number         4  stm32f0xx_hal_adc.o(.text.HAL_ADC_Init)
    __arm_cp.0_1                             0x08000f54   Number         4  stm32f0xx_hal_adc.o(.text.HAL_ADC_Init)
    [Anonymous Symbol]                       0x08000f58   Section        0  stm32f0xx_hal_msp.o(.text.HAL_ADC_MspInit)
    __arm_cp.1_0                             0x08000fec   Number         4  stm32f0xx_hal_msp.o(.text.HAL_ADC_MspInit)
    __arm_cp.1_1                             0x08000ff0   Number         4  stm32f0xx_hal_msp.o(.text.HAL_ADC_MspInit)
    __arm_cp.1_2                             0x08000ff4   Number         4  stm32f0xx_hal_msp.o(.text.HAL_ADC_MspInit)
    __arm_cp.1_3                             0x08000ff8   Number         4  stm32f0xx_hal_msp.o(.text.HAL_ADC_MspInit)
    [Anonymous Symbol]                       0x08000ffc   Section        0  stm32f0xx_hal_adc.o(.text.HAL_ADC_PollForConversion)
    [Anonymous Symbol]                       0x0800111c   Section        0  stm32f0xx_hal_adc.o(.text.HAL_ADC_Start)
    __arm_cp.4_0                             0x08001174   Number         4  stm32f0xx_hal_adc.o(.text.HAL_ADC_Start)
    [Anonymous Symbol]                       0x08001178   Section        0  stm32f0xx_hal_adc.o(.text.HAL_ADC_Stop)
    [Anonymous Symbol]                       0x08001244   Section        0  stm32f0xx_hal.o(.text.HAL_Delay)
    [Anonymous Symbol]                       0x08001264   Section        0  stm32f0xx_hal_gpio.o(.text.HAL_GPIO_Init)
    __arm_cp.0_0                             0x080013e4   Number         4  stm32f0xx_hal_gpio.o(.text.HAL_GPIO_Init)
    __arm_cp.0_1                             0x080013e8   Number         4  stm32f0xx_hal_gpio.o(.text.HAL_GPIO_Init)
    __arm_cp.0_3                             0x080013ec   Number         4  stm32f0xx_hal_gpio.o(.text.HAL_GPIO_Init)
    [Anonymous Symbol]                       0x080013f0   Section        0  stm32f0xx_hal.o(.text.HAL_GetTick)
    [Anonymous Symbol]                       0x080013f8   Section        0  stm32f0xx_hal.o(.text.HAL_IncTick)
    __arm_cp.5_1                             0x08001408   Number         4  stm32f0xx_hal.o(.text.HAL_IncTick)
    [Anonymous Symbol]                       0x0800140c   Section        0  stm32f0xx_hal.o(.text.HAL_Init)
    [Anonymous Symbol]                       0x08001428   Section        0  stm32f0xx_hal.o(.text.HAL_InitTick)
    __arm_cp.1_0                             0x08001464   Number         4  stm32f0xx_hal.o(.text.HAL_InitTick)
    [Anonymous Symbol]                       0x08001468   Section        0  stm32f0xx_hal_msp.o(.text.HAL_MspInit)
    __arm_cp.0_0                             0x08001490   Number         4  stm32f0xx_hal_msp.o(.text.HAL_MspInit)
    [Anonymous Symbol]                       0x08001494   Section        0  stm32f0xx_hal_cortex.o(.text.HAL_NVIC_SetPriority)
    __arm_cp.0_0                             0x080014c4   Number         4  stm32f0xx_hal_cortex.o(.text.HAL_NVIC_SetPriority)
    __arm_cp.0_1                             0x080014c8   Number         4  stm32f0xx_hal_cortex.o(.text.HAL_NVIC_SetPriority)
    [Anonymous Symbol]                       0x080014cc   Section        0  stm32f0xx_hal_rcc.o(.text.HAL_RCC_ClockConfig)
    __arm_cp.2_0                             0x08001624   Number         4  stm32f0xx_hal_rcc.o(.text.HAL_RCC_ClockConfig)
    __arm_cp.2_1                             0x08001628   Number         4  stm32f0xx_hal_rcc.o(.text.HAL_RCC_ClockConfig)
    __arm_cp.2_2                             0x0800162c   Number         4  stm32f0xx_hal_rcc.o(.text.HAL_RCC_ClockConfig)
    __arm_cp.2_3                             0x08001630   Number         4  stm32f0xx_hal_rcc.o(.text.HAL_RCC_ClockConfig)
    __arm_cp.2_4                             0x08001634   Number         4  stm32f0xx_hal_rcc.o(.text.HAL_RCC_ClockConfig)
    __arm_cp.2_5                             0x08001638   Number         4  stm32f0xx_hal_rcc.o(.text.HAL_RCC_ClockConfig)
    __arm_cp.2_6                             0x0800163c   Number         4  stm32f0xx_hal_rcc.o(.text.HAL_RCC_ClockConfig)
    __arm_cp.2_7                             0x08001640   Number         4  stm32f0xx_hal_rcc.o(.text.HAL_RCC_ClockConfig)
    __arm_cp.2_8                             0x08001644   Number         4  stm32f0xx_hal_rcc.o(.text.HAL_RCC_ClockConfig)
    [Anonymous Symbol]                       0x08001648   Section        0  stm32f0xx_hal_rcc.o(.text.HAL_RCC_OscConfig)
    __arm_cp.1_4                             0x08001a44   Number         4  stm32f0xx_hal_rcc.o(.text.HAL_RCC_OscConfig)
    __arm_cp.1_1                             0x08001ae8   Number         4  stm32f0xx_hal_rcc.o(.text.HAL_RCC_OscConfig)
    __arm_cp.1_2                             0x08001aec   Number         4  stm32f0xx_hal_rcc.o(.text.HAL_RCC_OscConfig)
    [Anonymous Symbol]                       0x08001af0   Section        0  stm32f0xx_hal_cortex.o(.text.HAL_SYSTICK_Config)
    __arm_cp.4_0                             0x08001b18   Number         4  stm32f0xx_hal_cortex.o(.text.HAL_SYSTICK_Config)
    __arm_cp.4_1                             0x08001b1c   Number         4  stm32f0xx_hal_cortex.o(.text.HAL_SYSTICK_Config)
    __arm_cp.4_2                             0x08001b20   Number         4  stm32f0xx_hal_cortex.o(.text.HAL_SYSTICK_Config)
    [Anonymous Symbol]                       0x08001b24   Section        0  stm32f0xx_it.o(.text.HardFault_Handler)
    [Anonymous Symbol]                       0x08001b26   Section        0  stm32f0xx_it.o(.text.NMI_Handler)
    [Anonymous Symbol]                       0x08001b28   Section        0  stm32f0xx_it.o(.text.PendSV_Handler)
    [Anonymous Symbol]                       0x08001b2a   Section        0  stm32f0xx_it.o(.text.SVC_Handler)
    [Anonymous Symbol]                       0x08001b2c   Section        0  main.o(.text.SaveGesture)
    __arm_cp.15_1                            0x08001c84   Number         4  main.o(.text.SaveGesture)
    __arm_cp.15_2                            0x08001c88   Number         4  main.o(.text.SaveGesture)
    __arm_cp.15_3                            0x08001c8c   Number         4  main.o(.text.SaveGesture)
    __arm_cp.15_4                            0x08001c90   Number         4  main.o(.text.SaveGesture)
    __arm_cp.15_6                            0x08001cd0   Number         4  main.o(.text.SaveGesture)
    __arm_cp.15_7                            0x08001cd4   Number         4  main.o(.text.SaveGesture)
    [Anonymous Symbol]                       0x08001cf0   Section        0  main.o(.text.StoreADC)
    __arm_cp.20_0                            0x080021e4   Number         4  main.o(.text.StoreADC)
    __arm_cp.20_1                            0x080021e8   Number         4  main.o(.text.StoreADC)
    __arm_cp.20_2                            0x080021ec   Number         4  main.o(.text.StoreADC)
    __arm_cp.20_3                            0x080021f0   Number         4  main.o(.text.StoreADC)
    [Anonymous Symbol]                       0x080021f4   Section        0  stm32f0xx_it.o(.text.SysTick_Handler)
    [Anonymous Symbol]                       0x080021fc   Section        0  system_stm32f0xx.o(.text.SystemInit)
    [Anonymous Symbol]                       0x08002200   Section        0  main.o(.text.TestGesture)
    __arm_cp.16_1                            0x0800233c   Number         4  main.o(.text.TestGesture)
    __arm_cp.16_2                            0x08002340   Number         4  main.o(.text.TestGesture)
    __arm_cp.16_3                            0x08002344   Number         4  main.o(.text.TestGesture)
    __arm_cp.16_4                            0x08002348   Number         4  main.o(.text.TestGesture)
    __arm_cp.16_6                            0x08002378   Number         4  main.o(.text.TestGesture)
    [Anonymous Symbol]                       0x080023ac   Section        0  main.o(.text.UARTBegin)
    __arm_cp.12_0                            0x08002718   Number         4  main.o(.text.UARTBegin)
    __arm_cp.12_1                            0x0800271c   Number         4  main.o(.text.UARTBegin)
    __arm_cp.12_2                            0x08002720   Number         4  main.o(.text.UARTBegin)
    __arm_cp.12_3                            0x08002724   Number         4  main.o(.text.UARTBegin)
    __arm_cp.12_4                            0x08002728   Number         4  main.o(.text.UARTBegin)
    __arm_cp.12_5                            0x0800272c   Number         4  main.o(.text.UARTBegin)
    __arm_cp.12_6                            0x08002730   Number         4  main.o(.text.UARTBegin)
    __arm_cp.12_7                            0x08002734   Number         4  main.o(.text.UARTBegin)
    [Anonymous Symbol]                       0x08002738   Section        0  main.o(.text.main)
    __arm_cp.0_0                             0x08002acc   Number         4  main.o(.text.main)
    __arm_cp.0_1                             0x08002ad0   Number         4  main.o(.text.main)
    __arm_cp.0_2                             0x08002ad4   Number         4  main.o(.text.main)
    __arm_cp.0_3                             0x08002ad8   Number         4  main.o(.text.main)
    __arm_cp.0_4                             0x08002adc   Number         4  main.o(.text.main)
    __arm_cp.0_5                             0x08002ae0   Number         4  main.o(.text.main)
    __arm_cp.0_6                             0x08002ae4   Number         4  main.o(.text.main)
    __arm_cp.0_7                             0x08002ae8   Number         4  main.o(.text.main)
    __arm_cp.0_8                             0x08002aec   Number         4  main.o(.text.main)
    __arm_cp.0_9                             0x08002af0   Number         4  main.o(.text.main)
    __arm_cp.0_10                            0x08002af4   Number         4  main.o(.text.main)
    __arm_cp.0_11                            0x08002af8   Number         4  main.o(.text.main)
    __arm_cp.0_13                            0x08002b3c   Number         4  main.o(.text.main)
    __arm_cp.0_14                            0x08002b40   Number         4  main.o(.text.main)
    __arm_cp.0_16                            0x08002b6c   Number         4  main.o(.text.main)
    __arm_cp.0_17                            0x08002b70   Number         4  main.o(.text.main)
    .text_divfast                            0x08002b8c   Section      502  aeabi_sdivfast.o(.text_divfast)
    x$fpl$fadd                               0x08002d84   Section      140  faddsub.o(x$fpl$fadd)
    _fadd1                                   0x08002d91   Thumb Code     0  faddsub.o(x$fpl$fadd)
    x$fpl$fmul                               0x08002e10   Section      176  fmul.o(x$fpl$fmul)
    x$fpl$fsub                               0x08002ec0   Section      208  faddsub.o(x$fpl$fsub)
    _fsub1                                   0x08002ecd   Thumb Code     0  faddsub.o(x$fpl$fsub)
    fdiv_tab                                 0x08002f90   Data          64  fdiv.o(.constdata)
    .constdata                               0x08002f90   Section       64  fdiv.o(.constdata)
    x$fpl$usenofp                            0x08002f90   Section        0  usenofp.o(x$fpl$usenofp)
    [Anonymous Symbol]                       0x08002fd0   Section        0  main.o(.rodata..L__const.ADCInit.adc)
    HAL_RCC_GetSysClockFreq.aPLLMULFactorTable 0x08002ff4   Data          16  stm32f0xx_hal_rcc.o(.rodata.cst16)
    [Anonymous Symbol]                       0x08002ff4   Section        0  stm32f0xx_hal_rcc.o(.rodata.cst16)
    HAL_RCC_GetSysClockFreq.aPredivFactorTable 0x08003004   Data          16  stm32f0xx_hal_rcc.o(.rodata.cst16)
    [Anonymous Symbol]                       0x08003014   Section        0  main.o(.rodata.str1.1)
    [Anonymous Symbol]                       0x20000000   Section        0  main.o(.data..L_MergedGlobals)
    [Anonymous Symbol]                       0x20000058   Section        0  stm32f0xx_hal.o(.data..L_MergedGlobals)
    [Anonymous Symbol]                       0x20000060   Section        0  main.o(.data..L_MergedGlobals.24)
    .bss                                     0x20000148   Section       96  libspace.o(.bss)
    [Anonymous Symbol]                       0x200001a8   Section        0  main.o(.bss..L_MergedGlobals.25)
    kalman_filter.P_k1_k1                    0x200001c0   Data           4  main.o(.bss..L_MergedGlobals.25)
    kalman_filter.kalman_adc_old             0x200001c4   Data           4  main.o(.bss..L_MergedGlobals.25)
    Heap_Mem                                 0x20000380   Data         512  startup_stm32f072xb.o(HEAP)
    HEAP                                     0x20000380   Section      512  startup_stm32f072xb.o(HEAP)
    Stack_Mem                                0x20000580   Data        1024  startup_stm32f072xb.o(STACK)
    STACK                                    0x20000580   Section     1024  startup_stm32f072xb.o(STACK)
    __initial_sp                             0x20000980   Data           0  startup_stm32f072xb.o(STACK)

    Global Symbols

    Symbol Name                              Value     Ov Type        Size  Object(Section)

    BuildAttributes$$THM_ISAv3M$S$PE$A:L22$X:L11$S22$IEEE1$IW$~IW$USESV6$~STKCKD$USESV7$~SHL$OTIME$ROPI$IEEEX$EBA8$UX$STANDARDLIB$REQ8$PRES8$EABIv2 0x00000000   Number         0  anon$$obj.o ABSOLUTE
    _printf_flags                            0x00000000   Number         0  printf_stubs.o ABSOLUTE
    _printf_return_value                     0x00000000   Number         0  printf_stubs.o ABSOLUTE
    _printf_sizespec                         0x00000000   Number         0  printf_stubs.o ABSOLUTE
    _printf_widthprec                        0x00000000   Number         0  printf_stubs.o ABSOLUTE
    __ARM_exceptions_init                     - Undefined Weak Reference
    __alloca_initialize                       - Undefined Weak Reference
    __arm_preinit_                            - Undefined Weak Reference
    __arm_relocate_pie_                       - Undefined Weak Reference
    __cpp_initialize__aeabi_                  - Undefined Weak Reference
    __cxa_finalize                            - Undefined Weak Reference
    __rt_locale                               - Undefined Weak Reference
    __sigvec_lookup                           - Undefined Weak Reference
    __user_heap_extent                        - Undefined Weak Reference
    _atexit_init                              - Undefined Weak Reference
    _call_atexit_fns                          - Undefined Weak Reference
    _clock_init                               - Undefined Weak Reference
    _fp_trap_init                             - Undefined Weak Reference
    _fp_trap_shutdown                         - Undefined Weak Reference
    _get_lc_collate                           - Undefined Weak Reference
    _get_lc_ctype                             - Undefined Weak Reference
    _get_lc_monetary                          - Undefined Weak Reference
    _get_lc_numeric                           - Undefined Weak Reference
    _get_lc_time                              - Undefined Weak Reference
    _getenv_init                              - Undefined Weak Reference
    _handle_redirection                       - Undefined Weak Reference
    _initio                                   - Undefined Weak Reference
    _mutex_acquire                            - Undefined Weak Reference
    _mutex_free                               - Undefined Weak Reference
    _mutex_release                            - Undefined Weak Reference
    _printf_post_padding                      - Undefined Weak Reference
    _printf_pre_padding                       - Undefined Weak Reference
    _printf_truncate_signed                   - Undefined Weak Reference
    _printf_truncate_unsigned                 - Undefined Weak Reference
    _rand_init                                - Undefined Weak Reference
    _signal_finish                            - Undefined Weak Reference
    _signal_init                              - Undefined Weak Reference
    _terminateio                              - Undefined Weak Reference
    __Vectors_Size                           0x000000c0   Number         0  startup_stm32f072xb.o ABSOLUTE
    __Vectors                                0x08000000   Data           4  startup_stm32f072xb.o(RESET)
    __Vectors_End                            0x080000c0   Data           0  startup_stm32f072xb.o(RESET)
    __main                                   0x080000c1   Thumb Code     8  __main.o(!!!main)
    __scatterload                            0x080000c9   Thumb Code     0  __scatter.o(!!!scatter)
    __scatterload_rt2                        0x080000c9   Thumb Code    74  __scatter.o(!!!scatter)
    __scatterload_rt2_thumb_only             0x080000c9   Thumb Code     0  __scatter.o(!!!scatter)
    __scatterload_loop                       0x080000d3   Thumb Code     0  __scatter.o(!!!scatter)
    __scatterload_null                       0x0800011d   Thumb Code     2  __scatter.o(!!handler_null)
    __scatterload_zeroinit                   0x08000121   Thumb Code    28  __scatter_zi.o(!!handler_zi)
    _printf_percent                          0x0800013d   Thumb Code     0  _printf_percent.o(.ARM.Collect$$_printf_percent$$00000000)
    _printf_u                                0x0800013f   Thumb Code     0  _printf_u.o(.ARM.Collect$$_printf_percent$$0000000A)
    _printf_percent_end                      0x08000149   Thumb Code     0  _printf_percent_end.o(.ARM.Collect$$_printf_percent$$00000017)
    __rt_lib_init                            0x0800014d   Thumb Code     0  libinit.o(.ARM.Collect$$libinit$$00000000)
    __rt_lib_init_fp_1                       0x0800014f   Thumb Code     0  libinit2.o(.ARM.Collect$$libinit$$00000002)
    __rt_lib_init_heap_2                     0x0800014f   Thumb Code     0  libinit2.o(.ARM.Collect$$libinit$$00000007)
    __rt_lib_init_preinit_1                  0x0800014f   Thumb Code     0  libinit2.o(.ARM.Collect$$libinit$$00000006)
    __rt_lib_init_relocate_pie_1             0x0800014f   Thumb Code     0  libinit2.o(.ARM.Collect$$libinit$$00000004)
    __rt_lib_init_alloca_1                   0x08000157   Thumb Code     0  libinit2.o(.ARM.Collect$$libinit$$00000030)
    __rt_lib_init_argv_1                     0x08000157   Thumb Code     0  libinit2.o(.ARM.Collect$$libinit$$0000002E)
    __rt_lib_init_atexit_1                   0x08000157   Thumb Code     0  libinit2.o(.ARM.Collect$$libinit$$0000001D)
    __rt_lib_init_clock_1                    0x08000157   Thumb Code     0  libinit2.o(.ARM.Collect$$libinit$$00000023)
    __rt_lib_init_cpp_1                      0x08000157   Thumb Code     0  libinit2.o(.ARM.Collect$$libinit$$00000034)
    __rt_lib_init_exceptions_1               0x08000157   Thumb Code     0  libinit2.o(.ARM.Collect$$libinit$$00000032)
    __rt_lib_init_fp_trap_1                  0x08000157   Thumb Code     0  libinit2.o(.ARM.Collect$$libinit$$00000021)
    __rt_lib_init_getenv_1                   0x08000157   Thumb Code     0  libinit2.o(.ARM.Collect$$libinit$$00000025)
    __rt_lib_init_heap_1                     0x08000157   Thumb Code     0  libinit2.o(.ARM.Collect$$libinit$$0000000C)
    __rt_lib_init_lc_collate_1               0x08000157   Thumb Code     0  libinit2.o(.ARM.Collect$$libinit$$00000013)
    __rt_lib_init_lc_ctype_1                 0x08000157   Thumb Code     0  libinit2.o(.ARM.Collect$$libinit$$00000015)
    __rt_lib_init_lc_monetary_1              0x08000157   Thumb Code     0  libinit2.o(.ARM.Collect$$libinit$$00000017)
    __rt_lib_init_lc_numeric_1               0x08000157   Thumb Code     0  libinit2.o(.ARM.Collect$$libinit$$00000019)
    __rt_lib_init_lc_time_1                  0x08000157   Thumb Code     0  libinit2.o(.ARM.Collect$$libinit$$0000001B)
    __rt_lib_init_rand_1                     0x08000157   Thumb Code     0  libinit2.o(.ARM.Collect$$libinit$$00000010)
    __rt_lib_init_return                     0x08000157   Thumb Code     0  libinit2.o(.ARM.Collect$$libinit$$00000035)
    __rt_lib_init_signal_1                   0x08000157   Thumb Code     0  libinit2.o(.ARM.Collect$$libinit$$0000001F)
    __rt_lib_init_stdio_1                    0x08000157   Thumb Code     0  libinit2.o(.ARM.Collect$$libinit$$00000027)
    __rt_lib_init_user_alloc_1               0x08000157   Thumb Code     0  libinit2.o(.ARM.Collect$$libinit$$0000000E)
    __rt_lib_shutdown                        0x08000159   Thumb Code     0  libshutdown.o(.ARM.Collect$$libshutdown$$00000000)
    __rt_lib_shutdown_cpp_1                  0x0800015b   Thumb Code     0  libshutdown2.o(.ARM.Collect$$libshutdown$$00000002)
    __rt_lib_shutdown_fp_trap_1              0x0800015b   Thumb Code     0  libshutdown2.o(.ARM.Collect$$libshutdown$$00000007)
    __rt_lib_shutdown_heap_1                 0x0800015b   Thumb Code     0  libshutdown2.o(.ARM.Collect$$libshutdown$$0000000F)
    __rt_lib_shutdown_return                 0x0800015b   Thumb Code     0  libshutdown2.o(.ARM.Collect$$libshutdown$$00000010)
    __rt_lib_shutdown_signal_1               0x0800015b   Thumb Code     0  libshutdown2.o(.ARM.Collect$$libshutdown$$0000000A)
    __rt_lib_shutdown_stdio_1                0x0800015b   Thumb Code     0  libshutdown2.o(.ARM.Collect$$libshutdown$$00000004)
    __rt_lib_shutdown_user_alloc_1           0x0800015b   Thumb Code     0  libshutdown2.o(.ARM.Collect$$libshutdown$$0000000C)
    __rt_entry                               0x0800015d   Thumb Code     0  __rtentry.o(.ARM.Collect$$rtentry$$00000000)
    __rt_entry_presh_1                       0x0800015d   Thumb Code     0  __rtentry2.o(.ARM.Collect$$rtentry$$00000002)
    __rt_entry_sh                            0x0800015d   Thumb Code     0  __rtentry4.o(.ARM.Collect$$rtentry$$00000004)
    __rt_entry_li                            0x08000163   Thumb Code     0  __rtentry2.o(.ARM.Collect$$rtentry$$0000000A)
    __rt_entry_postsh_1                      0x08000163   Thumb Code     0  __rtentry2.o(.ARM.Collect$$rtentry$$00000009)
    __rt_entry_main                          0x08000167   Thumb Code     0  __rtentry2.o(.ARM.Collect$$rtentry$$0000000D)
    __rt_entry_postli_1                      0x08000167   Thumb Code     0  __rtentry2.o(.ARM.Collect$$rtentry$$0000000C)
    __rt_exit                                0x0800016f   Thumb Code     0  rtexit.o(.ARM.Collect$$rtexit$$00000000)
    __rt_exit_ls                             0x08000171   Thumb Code     0  rtexit2.o(.ARM.Collect$$rtexit$$00000003)
    __rt_exit_prels_1                        0x08000171   Thumb Code     0  rtexit2.o(.ARM.Collect$$rtexit$$00000002)
    __rt_exit_exit                           0x08000175   Thumb Code     0  rtexit2.o(.ARM.Collect$$rtexit$$00000004)
    Reset_Handler                            0x0800017d   Thumb Code     8  startup_stm32f072xb.o(.text)
    ADC1_COMP_IRQHandler                     0x0800018f   Thumb Code     0  startup_stm32f072xb.o(.text)
    CEC_CAN_IRQHandler                       0x0800018f   Thumb Code     0  startup_stm32f072xb.o(.text)
    DMA1_Channel1_IRQHandler                 0x0800018f   Thumb Code     0  startup_stm32f072xb.o(.text)
    DMA1_Channel2_3_IRQHandler               0x0800018f   Thumb Code     0  startup_stm32f072xb.o(.text)
    DMA1_Channel4_5_6_7_IRQHandler           0x0800018f   Thumb Code     0  startup_stm32f072xb.o(.text)
    EXTI0_1_IRQHandler                       0x0800018f   Thumb Code     0  startup_stm32f072xb.o(.text)
    EXTI2_3_IRQHandler                       0x0800018f   Thumb Code     0  startup_stm32f072xb.o(.text)
    EXTI4_15_IRQHandler                      0x0800018f   Thumb Code     0  startup_stm32f072xb.o(.text)
    FLASH_IRQHandler                         0x0800018f   Thumb Code     0  startup_stm32f072xb.o(.text)
    I2C1_IRQHandler                          0x0800018f   Thumb Code     0  startup_stm32f072xb.o(.text)
    I2C2_IRQHandler                          0x0800018f   Thumb Code     0  startup_stm32f072xb.o(.text)
    PVD_VDDIO2_IRQHandler                    0x0800018f   Thumb Code     0  startup_stm32f072xb.o(.text)
    RCC_CRS_IRQHandler                       0x0800018f   Thumb Code     0  startup_stm32f072xb.o(.text)
    RTC_IRQHandler                           0x0800018f   Thumb Code     0  startup_stm32f072xb.o(.text)
    SPI1_IRQHandler                          0x0800018f   Thumb Code     0  startup_stm32f072xb.o(.text)
    SPI2_IRQHandler                          0x0800018f   Thumb Code     0  startup_stm32f072xb.o(.text)
    TIM14_IRQHandler                         0x0800018f   Thumb Code     0  startup_stm32f072xb.o(.text)
    TIM15_IRQHandler                         0x0800018f   Thumb Code     0  startup_stm32f072xb.o(.text)
    TIM16_IRQHandler                         0x0800018f   Thumb Code     0  startup_stm32f072xb.o(.text)
    TIM17_IRQHandler                         0x0800018f   Thumb Code     0  startup_stm32f072xb.o(.text)
    TIM1_BRK_UP_TRG_COM_IRQHandler           0x0800018f   Thumb Code     0  startup_stm32f072xb.o(.text)
    TIM1_CC_IRQHandler                       0x0800018f   Thumb Code     0  startup_stm32f072xb.o(.text)
    TIM2_IRQHandler                          0x0800018f   Thumb Code     0  startup_stm32f072xb.o(.text)
    TIM3_IRQHandler                          0x0800018f   Thumb Code     0  startup_stm32f072xb.o(.text)
    TIM6_DAC_IRQHandler                      0x0800018f   Thumb Code     0  startup_stm32f072xb.o(.text)
    TIM7_IRQHandler                          0x0800018f   Thumb Code     0  startup_stm32f072xb.o(.text)
    TSC_IRQHandler                           0x0800018f   Thumb Code     0  startup_stm32f072xb.o(.text)
    USART1_IRQHandler                        0x0800018f   Thumb Code     0  startup_stm32f072xb.o(.text)
    USART2_IRQHandler                        0x0800018f   Thumb Code     0  startup_stm32f072xb.o(.text)
    USART3_4_IRQHandler                      0x0800018f   Thumb Code     0  startup_stm32f072xb.o(.text)
    USB_IRQHandler                           0x0800018f   Thumb Code     0  startup_stm32f072xb.o(.text)
    WWDG_IRQHandler                          0x0800018f   Thumb Code     0  startup_stm32f072xb.o(.text)
    __user_initial_stackheap                 0x08000191   Thumb Code     0  startup_stm32f072xb.o(.text)
    malloc                                   0x080001b5   Thumb Code    98  h1_alloc.o(.text)
    free                                     0x08000217   Thumb Code    76  h1_free.o(.text)
    __2sprintf                               0x08000265   Thumb Code    40  __2sprintf.o(.text)
    _printf_int_dec                          0x08000291   Thumb Code    90  _printf_dec.o(.text)
    __printf                                 0x080002fd   Thumb Code   190  __printf_ss.o(.text)
    _memset_w                                0x080003bb   Thumb Code    26  rt_memclr.o(.text)
    _memset                                  0x080003d5   Thumb Code    30  rt_memclr.o(.text)
    __aeabi_memclr                           0x080003f3   Thumb Code     4  rt_memclr.o(.text)
    __rt_memclr                              0x080003f3   Thumb Code     0  rt_memclr.o(.text)
    __aeabi_memclr4                          0x080003f7   Thumb Code     0  rt_memclr.o(.text)
    __aeabi_memclr8                          0x080003f7   Thumb Code     0  rt_memclr.o(.text)
    __rt_memclr_w                            0x080003f7   Thumb Code     4  rt_memclr.o(.text)
    __use_two_region_memory                  0x080003fb   Thumb Code     2  heapauxi.o(.text)
    __rt_heap_escrow                         0x080003fd   Thumb Code     2  heapauxi.o(.text)
    __rt_heap_expand                         0x080003ff   Thumb Code     2  heapauxi.o(.text)
    __aeabi_fdiv                             0x08000401   Thumb Code     0  fdiv.o(.text)
    _fdiv                                    0x08000401   Thumb Code   334  fdiv.o(.text)
    _frdiv                                   0x0800054f   Thumb Code     8  fdiv.o(.text)
    __aeabi_f2uiz                            0x08000561   Thumb Code     0  ffixui.o(.text)
    _ffixu                                   0x08000561   Thumb Code    48  ffixui.o(.text)
    __aeabi_i2f_normalise                    0x08000591   Thumb Code    72  fflti.o(.text)
    __aeabi_i2f                              0x080005d9   Thumb Code    16  fflti.o(.text)
    _fflt                                    0x080005d9   Thumb Code     0  fflti.o(.text)
    __aeabi_ui2f                             0x080005e9   Thumb Code     6  fflti.o(.text)
    _ffltu                                   0x080005e9   Thumb Code     0  fflti.o(.text)
    __rt_heap_descriptor                     0x080005f1   Thumb Code     8  rt_heap_descriptor_intlibspace.o(.text)
    __use_no_heap                            0x080005f9   Thumb Code     2  hguard.o(.text)
    __heap$guard                             0x080005fb   Thumb Code     2  hguard.o(.text)
    _terminate_user_alloc                    0x080005fd   Thumb Code     2  init_alloc.o(.text)
    _init_user_alloc                         0x080005ff   Thumb Code     2  init_alloc.o(.text)
    __Heap_Full                              0x08000601   Thumb Code    32  init_alloc.o(.text)
    __Heap_Broken                            0x08000621   Thumb Code    10  init_alloc.o(.text)
    _init_alloc                              0x0800062b   Thumb Code    90  init_alloc.o(.text)
    __Heap_Initialize                        0x08000685   Thumb Code     8  h1_init.o(.text)
    __Heap_DescSize                          0x0800068d   Thumb Code     4  h1_init.o(.text)
    _printf_int_common                       0x08000691   Thumb Code   176  _printf_intcommon.o(.text)
    _printf_char_common                      0x0800074b   Thumb Code    32  _printf_char_common.o(.text)
    _sputc                                   0x08000771   Thumb Code    10  _sputc.o(.text)
    __rt_udiv10                              0x0800077b   Thumb Code    40  rtudiv10.o(.text)
    __user_libspace                          0x080007a5   Thumb Code     8  libspace.o(.text)
    __user_perproc_libspace                  0x080007a5   Thumb Code     0  libspace.o(.text)
    __user_perthread_libspace                0x080007a5   Thumb Code     0  libspace.o(.text)
    __Heap_ProvideMemory                     0x080007ad   Thumb Code    52  h1_extend.o(.text)
    _maybe_terminate_alloc                   0x080007ad   Thumb Code     0  maybetermalloc1.o(.text)
    __rt_SIGRTMEM                            0x080007e1   Thumb Code    12  defsig_rtmem_outer.o(.text)
    __I$use$semihosting                      0x080007ed   Thumb Code     0  use_no_semi.o(.text)
    __use_no_semihosting_swi                 0x080007ed   Thumb Code     2  use_no_semi.o(.text)
    __semihosting_library_function           0x080007ef   Thumb Code     0  indicate_semi.o(.text)
    __user_setup_stackheap                   0x080007ef   Thumb Code    62  sys_stackheap_outer.o(.text)
    exit                                     0x0800082d   Thumb Code    16  exit.o(.text)
    __sig_exit                               0x0800083d   Thumb Code    12  defsig_exit.o(.text)
    __rt_SIGRTMEM_inner                      0x08000849   Thumb Code    22  defsig_rtmem_inner.o(.text)
    _sys_exit                                0x08000899   Thumb Code     8  sys_exit.o(.text)
    __default_signal_display                 0x080008a5   Thumb Code    52  defsig_general.o(.text)
    _ttywrch                                 0x080008d9   Thumb Code    12  sys_wrch.o(.text)
    __decompress                             0x080008e5   Thumb Code     0  __dclz77c.o(.text)
    __decompress2                            0x080008e5   Thumb Code    96  __dclz77c.o(.text)
    ApproxGesture                            0x080009fd   Thumb Code   176  main.o(.text.ApproxGesture)
    CharReader                               0x08000ae5   Thumb Code   460  main.o(.text.CharReader)
    HAL_ADC_ConfigChannel                    0x08000cb9   Thumb Code   300  stm32f0xx_hal_adc.o(.text.HAL_ADC_ConfigChannel)
    HAL_ADC_GetValue                         0x08000e01   Thumb Code     6  stm32f0xx_hal_adc.o(.text.HAL_ADC_GetValue)
    HAL_ADC_Init                             0x08000e09   Thumb Code   328  stm32f0xx_hal_adc.o(.text.HAL_ADC_Init)
    HAL_ADC_MspInit                          0x08000f59   Thumb Code   148  stm32f0xx_hal_msp.o(.text.HAL_ADC_MspInit)
    HAL_ADC_PollForConversion                0x08000ffd   Thumb Code   286  stm32f0xx_hal_adc.o(.text.HAL_ADC_PollForConversion)
    HAL_ADC_Start                            0x0800111d   Thumb Code    88  stm32f0xx_hal_adc.o(.text.HAL_ADC_Start)
    HAL_ADC_Stop                             0x08001179   Thumb Code   204  stm32f0xx_hal_adc.o(.text.HAL_ADC_Stop)
    HAL_Delay                                0x08001245   Thumb Code    32  stm32f0xx_hal.o(.text.HAL_Delay)
    HAL_GPIO_Init                            0x08001265   Thumb Code   384  stm32f0xx_hal_gpio.o(.text.HAL_GPIO_Init)
    HAL_GetTick                              0x080013f1   Thumb Code     8  stm32f0xx_hal.o(.text.HAL_GetTick)
    HAL_IncTick                              0x080013f9   Thumb Code    16  stm32f0xx_hal.o(.text.HAL_IncTick)
    HAL_Init                                 0x0800140d   Thumb Code    28  stm32f0xx_hal.o(.text.HAL_Init)
    HAL_InitTick                             0x08001429   Thumb Code    60  stm32f0xx_hal.o(.text.HAL_InitTick)
    HAL_MspInit                              0x08001469   Thumb Code    40  stm32f0xx_hal_msp.o(.text.HAL_MspInit)
    HAL_NVIC_SetPriority                     0x08001495   Thumb Code    48  stm32f0xx_hal_cortex.o(.text.HAL_NVIC_SetPriority)
    HAL_RCC_ClockConfig                      0x080014cd   Thumb Code   344  stm32f0xx_hal_rcc.o(.text.HAL_RCC_ClockConfig)
    HAL_RCC_OscConfig                        0x08001649   Thumb Code  1184  stm32f0xx_hal_rcc.o(.text.HAL_RCC_OscConfig)
    HAL_SYSTICK_Config                       0x08001af1   Thumb Code    40  stm32f0xx_hal_cortex.o(.text.HAL_SYSTICK_Config)
    HardFault_Handler                        0x08001b25   Thumb Code     2  stm32f0xx_it.o(.text.HardFault_Handler)
    NMI_Handler                              0x08001b27   Thumb Code     2  stm32f0xx_it.o(.text.NMI_Handler)
    PendSV_Handler                           0x08001b29   Thumb Code     2  stm32f0xx_it.o(.text.PendSV_Handler)
    SVC_Handler                              0x08001b2b   Thumb Code     2  stm32f0xx_it.o(.text.SVC_Handler)
    SaveGesture                              0x08001b2d   Thumb Code   312  main.o(.text.SaveGesture)
    StoreADC                                 0x08001cf1   Thumb Code  1268  main.o(.text.StoreADC)
    SysTick_Handler                          0x080021f5   Thumb Code     8  stm32f0xx_it.o(.text.SysTick_Handler)
    SystemInit                               0x080021fd   Thumb Code     2  system_stm32f0xx.o(.text.SystemInit)
    TestGesture                              0x08002201   Thumb Code   284  main.o(.text.TestGesture)
    UARTBegin                                0x080023ad   Thumb Code   876  main.o(.text.UARTBegin)
    main                                     0x08002739   Thumb Code   916  main.o(.text.main)
    __aeabi_uidiv                            0x08002b8d   Thumb Code    68  aeabi_sdivfast.o(.text_divfast)
    __aeabi_idiv                             0x08002bd1   Thumb Code   434  aeabi_sdivfast.o(.text_divfast)
    __aeabi_fadd                             0x08002d85   Thumb Code     0  faddsub.o(x$fpl$fadd)
    _fadd                                    0x08002d85   Thumb Code   134  faddsub.o(x$fpl$fadd)
    __aeabi_fmul                             0x08002e11   Thumb Code     0  fmul.o(x$fpl$fmul)
    _fmul                                    0x08002e11   Thumb Code   172  fmul.o(x$fpl$fmul)
    __aeabi_fsub                             0x08002ec1   Thumb Code     0  faddsub.o(x$fpl$fsub)
    _fsub                                    0x08002ec1   Thumb Code   204  faddsub.o(x$fpl$fsub)
    __I$use$fp                               0x08002f90   Number         0  usenofp.o(x$fpl$usenofp)
    AHBPrescTable                            0x08002fe4   Data          16  system_stm32f0xx.o(.rodata.AHBPrescTable)
    Region$$Table$$Base                      0x080031d0   Number         0  anon$$obj.o(Region$$Table)
    Region$$Table$$Limit                     0x080031f0   Number         0  anon$$obj.o(Region$$Table)
    errorMsgGreenOn                          0x20000000   Data          42  main.o(.data..L_MergedGlobals)
    errorMsgOrangeOn                         0x2000002a   Data          43  main.o(.data..L_MergedGlobals)
    uwTickFreq                               0x20000058   Data           1  stm32f0xx_hal.o(.data..L_MergedGlobals)
    uwTickPrio                               0x2000005c   Data           4  stm32f0xx_hal.o(.data..L_MergedGlobals)
    errorMsgNotCalibrated                    0x20000060   Data          45  main.o(.data..L_MergedGlobals.24)
    errorMsgCalibrated                       0x2000008d   Data          82  main.o(.data..L_MergedGlobals.24)
    SystemCoreClock                          0x200000e0   Data           4  system_stm32f0xx.o(.data.SystemCoreClock)
    errorMsgBadArgument                      0x200000e4   Data         100  main.o(.data.errorMsgBadArgument)
    __libspace_start                         0x20000148   Data          96  libspace.o(.bss)
    __temporary_stack_top$libspace           0x200001a8   Data           0  libspace.o(.bss)
    gestureIdentified                        0x200001a8   Data           1  main.o(.bss..L_MergedGlobals.25)
    gestureUnidentified                      0x200001a9   Data           1  main.o(.bss..L_MergedGlobals.25)
    gestureError                             0x200001aa   Data           1  main.o(.bss..L_MergedGlobals.25)
    alreadyCalibrated                        0x200001ab   Data           1  main.o(.bss..L_MergedGlobals.25)
    calibrationStarted                       0x200001ac   Data           1  main.o(.bss..L_MergedGlobals.25)
    testStarted                              0x200001ad   Data           1  main.o(.bss..L_MergedGlobals.25)
    userInput                                0x200001ae   Data           1  main.o(.bss..L_MergedGlobals.25)
    calibrationCounter                       0x200001b0   Data           4  main.o(.bss..L_MergedGlobals.25)
    testCounter                              0x200001b4   Data           4  main.o(.bss..L_MergedGlobals.25)
    calibrateGestureNumber                   0x200001b8   Data           4  main.o(.bss..L_MergedGlobals.25)
    testGestureNumber                        0x200001bc   Data           4  main.o(.bss..L_MergedGlobals.25)
    channels                                 0x200001c8   Data           8  main.o(.bss..L_MergedGlobals.25)
    KALMAN_VALS                              0x200001d0   Data          32  main.o(.bss..L_MergedGlobals.25)
    ADCLibrary                               0x200001f0   Data         320  main.o(.bss.ADCLibrary)
    hadc                                     0x20000330   Data          64  main.o(.bss.hadc)
    userInputArray                           0x20000370   Data           8  main.o(.bss.userInputArray)
    uwTick                                   0x20000378   Data           4  stm32f0xx_hal.o(.bss.uwTick)



==============================================================================

Memory Map of the image

  Image Entry point : 0x080000c1

  Load Region LR_IROM1 (Base: 0x08000000, Size: 0x00003338, Max: 0x00020000, ABSOLUTE, COMPRESSED[0x000032d0])

    Execution Region ER_IROM1 (Exec base: 0x08000000, Load base: 0x08000000, Size: 0x000031f0, Max: 0x00020000, ABSOLUTE)

    Exec Addr    Load Addr    Size         Type   Attr      Idx    E Section Name        Object

    0x08000000   0x08000000   0x000000c0   Data   RO            3    RESET               startup_stm32f072xb.o
    0x080000c0   0x080000c0   0x00000008   Code   RO          895  * !!!main             c_p.l(__main.o)
    0x080000c8   0x080000c8   0x00000054   Code   RO         1228    !!!scatter          c_p.l(__scatter.o)
    0x0800011c   0x0800011c   0x00000002   Code   RO         1229    !!handler_null      c_p.l(__scatter.o)
    0x0800011e   0x0800011e   0x00000002   PAD
    0x08000120   0x08000120   0x0000001c   Code   RO         1232    !!handler_zi        c_p.l(__scatter_zi.o)
    0x0800013c   0x0800013c   0x00000002   Code   RO          878    .ARM.Collect$$_printf_percent$$00000000  c_p.l(_printf_percent.o)
    0x0800013e   0x0800013e   0x0000000a   Code   RO          877    .ARM.Collect$$_printf_percent$$0000000A  c_p.l(_printf_u.o)
    0x08000148   0x08000148   0x00000004   Code   RO          990    .ARM.Collect$$_printf_percent$$00000017  c_p.l(_printf_percent_end.o)
    0x0800014c   0x0800014c   0x00000002   Code   RO         1154    .ARM.Collect$$libinit$$00000000  c_p.l(libinit.o)
    0x0800014e   0x0800014e   0x00000000   Code   RO          996    .ARM.Collect$$libinit$$00000002  c_p.l(libinit2.o)
    0x0800014e   0x0800014e   0x00000000   Code   RO          998    .ARM.Collect$$libinit$$00000004  c_p.l(libinit2.o)
    0x0800014e   0x0800014e   0x00000000   Code   RO         1000    .ARM.Collect$$libinit$$00000006  c_p.l(libinit2.o)
    0x0800014e   0x0800014e   0x00000008   Code   RO         1001    .ARM.Collect$$libinit$$00000007  c_p.l(libinit2.o)
    0x08000156   0x08000156   0x00000000   Code   RO         1003    .ARM.Collect$$libinit$$0000000C  c_p.l(libinit2.o)
    0x08000156   0x08000156   0x00000000   Code   RO         1005    .ARM.Collect$$libinit$$0000000E  c_p.l(libinit2.o)
    0x08000156   0x08000156   0x00000000   Code   RO         1007    .ARM.Collect$$libinit$$00000010  c_p.l(libinit2.o)
    0x08000156   0x08000156   0x00000000   Code   RO         1010    .ARM.Collect$$libinit$$00000013  c_p.l(libinit2.o)
    0x08000156   0x08000156   0x00000000   Code   RO         1012    .ARM.Collect$$libinit$$00000015  c_p.l(libinit2.o)
    0x08000156   0x08000156   0x00000000   Code   RO         1014    .ARM.Collect$$libinit$$00000017  c_p.l(libinit2.o)
    0x08000156   0x08000156   0x00000000   Code   RO         1016    .ARM.Collect$$libinit$$00000019  c_p.l(libinit2.o)
    0x08000156   0x08000156   0x00000000   Code   RO         1018    .ARM.Collect$$libinit$$0000001B  c_p.l(libinit2.o)
    0x08000156   0x08000156   0x00000000   Code   RO         1020    .ARM.Collect$$libinit$$0000001D  c_p.l(libinit2.o)
    0x08000156   0x08000156   0x00000000   Code   RO         1022    .ARM.Collect$$libinit$$0000001F  c_p.l(libinit2.o)
    0x08000156   0x08000156   0x00000000   Code   RO         1024    .ARM.Collect$$libinit$$00000021  c_p.l(libinit2.o)
    0x08000156   0x08000156   0x00000000   Code   RO         1026    .ARM.Collect$$libinit$$00000023  c_p.l(libinit2.o)
    0x08000156   0x08000156   0x00000000   Code   RO         1028    .ARM.Collect$$libinit$$00000025  c_p.l(libinit2.o)
    0x08000156   0x08000156   0x00000000   Code   RO         1030    .ARM.Collect$$libinit$$00000027  c_p.l(libinit2.o)
    0x08000156   0x08000156   0x00000000   Code   RO         1034    .ARM.Collect$$libinit$$0000002E  c_p.l(libinit2.o)
    0x08000156   0x08000156   0x00000000   Code   RO         1036    .ARM.Collect$$libinit$$00000030  c_p.l(libinit2.o)
    0x08000156   0x08000156   0x00000000   Code   RO         1038    .ARM.Collect$$libinit$$00000032  c_p.l(libinit2.o)
    0x08000156   0x08000156   0x00000000   Code   RO         1040    .ARM.Collect$$libinit$$00000034  c_p.l(libinit2.o)
    0x08000156   0x08000156   0x00000002   Code   RO         1041    .ARM.Collect$$libinit$$00000035  c_p.l(libinit2.o)
    0x08000158   0x08000158   0x00000002   Code   RO         1223    .ARM.Collect$$libshutdown$$00000000  c_p.l(libshutdown.o)
    0x0800015a   0x0800015a   0x00000000   Code   RO         1177    .ARM.Collect$$libshutdown$$00000002  c_p.l(libshutdown2.o)
    0x0800015a   0x0800015a   0x00000000   Code   RO         1179    .ARM.Collect$$libshutdown$$00000004  c_p.l(libshutdown2.o)
    0x0800015a   0x0800015a   0x00000000   Code   RO         1182    .ARM.Collect$$libshutdown$$00000007  c_p.l(libshutdown2.o)
    0x0800015a   0x0800015a   0x00000000   Code   RO         1185    .ARM.Collect$$libshutdown$$0000000A  c_p.l(libshutdown2.o)
    0x0800015a   0x0800015a   0x00000000   Code   RO         1187    .ARM.Collect$$libshutdown$$0000000C  c_p.l(libshutdown2.o)
    0x0800015a   0x0800015a   0x00000000   Code   RO         1190    .ARM.Collect$$libshutdown$$0000000F  c_p.l(libshutdown2.o)
    0x0800015a   0x0800015a   0x00000002   Code   RO         1191    .ARM.Collect$$libshutdown$$00000010  c_p.l(libshutdown2.o)
    0x0800015c   0x0800015c   0x00000000   Code   RO          954    .ARM.Collect$$rtentry$$00000000  c_p.l(__rtentry.o)
    0x0800015c   0x0800015c   0x00000000   Code   RO         1081    .ARM.Collect$$rtentry$$00000002  c_p.l(__rtentry2.o)
    0x0800015c   0x0800015c   0x00000006   Code   RO         1093    .ARM.Collect$$rtentry$$00000004  c_p.l(__rtentry4.o)
    0x08000162   0x08000162   0x00000000   Code   RO         1083    .ARM.Collect$$rtentry$$00000009  c_p.l(__rtentry2.o)
    0x08000162   0x08000162   0x00000004   Code   RO         1084    .ARM.Collect$$rtentry$$0000000A  c_p.l(__rtentry2.o)
    0x08000166   0x08000166   0x00000000   Code   RO         1086    .ARM.Collect$$rtentry$$0000000C  c_p.l(__rtentry2.o)
    0x08000166   0x08000166   0x00000008   Code   RO         1087    .ARM.Collect$$rtentry$$0000000D  c_p.l(__rtentry2.o)
    0x0800016e   0x0800016e   0x00000002   Code   RO         1164    .ARM.Collect$$rtexit$$00000000  c_p.l(rtexit.o)
    0x08000170   0x08000170   0x00000000   Code   RO         1199    .ARM.Collect$$rtexit$$00000002  c_p.l(rtexit2.o)
    0x08000170   0x08000170   0x00000004   Code   RO         1200    .ARM.Collect$$rtexit$$00000003  c_p.l(rtexit2.o)
    0x08000174   0x08000174   0x00000006   Code   RO         1201    .ARM.Collect$$rtexit$$00000004  c_p.l(rtexit2.o)
    0x0800017a   0x0800017a   0x00000002   PAD
    0x0800017c   0x0800017c   0x00000038   Code   RO            4    .text               startup_stm32f072xb.o
    0x080001b4   0x080001b4   0x00000062   Code   RO          787    .text               c_p.l(h1_alloc.o)
    0x08000216   0x08000216   0x0000004c   Code   RO          789    .text               c_p.l(h1_free.o)
    0x08000262   0x08000262   0x00000002   PAD
    0x08000264   0x08000264   0x0000002c   Code   RO          849    .text               c_p.l(__2sprintf.o)
    0x08000290   0x08000290   0x0000006c   Code   RO          855    .text               c_p.l(_printf_dec.o)
    0x080002fc   0x080002fc   0x000000be   Code   RO          860    .text               c_p.l(__printf_ss.o)
    0x080003ba   0x080003ba   0x00000040   Code   RO          883    .text               c_p.l(rt_memclr.o)
    0x080003fa   0x080003fa   0x00000006   Code   RO          893    .text               c_p.l(heapauxi.o)
    0x08000400   0x08000400   0x00000160   Code   RO          924    .text               fz_ps.l(fdiv.o)
    0x08000560   0x08000560   0x00000030   Code   RO          927    .text               fz_ps.l(ffixui.o)
    0x08000590   0x08000590   0x0000005e   Code   RO          929    .text               fz_ps.l(fflti.o)
    0x080005ee   0x080005ee   0x00000002   PAD
    0x080005f0   0x080005f0   0x00000008   Code   RO          962    .text               c_p.l(rt_heap_descriptor_intlibspace.o)
    0x080005f8   0x080005f8   0x00000004   Code   RO          964    .text               c_p.l(hguard.o)
    0x080005fc   0x080005fc   0x00000088   Code   RO          966    .text               c_p.l(init_alloc.o)
    0x08000684   0x08000684   0x0000000c   Code   RO          970    .text               c_p.l(h1_init.o)
    0x08000690   0x08000690   0x000000b0   Code   RO          984    .text               c_p.l(_printf_intcommon.o)
    0x08000740   0x08000740   0x00000030   Code   RO          986    .text               c_p.l(_printf_char_common.o)
    0x08000770   0x08000770   0x0000000a   Code   RO          988    .text               c_p.l(_sputc.o)
    0x0800077a   0x0800077a   0x00000028   Code   RO          991    .text               c_p.l(rtudiv10.o)
    0x080007a2   0x080007a2   0x00000002   PAD
    0x080007a4   0x080007a4   0x00000008   Code   RO         1077    .text               c_p.l(libspace.o)
    0x080007ac   0x080007ac   0x00000000   Code   RO         1104    .text               c_p.l(maybetermalloc1.o)
    0x080007ac   0x080007ac   0x00000034   Code   RO         1106    .text               c_p.l(h1_extend.o)
    0x080007e0   0x080007e0   0x0000000c   Code   RO         1112    .text               c_p.l(defsig_rtmem_outer.o)
    0x080007ec   0x080007ec   0x00000002   Code   RO         1125    .text               c_p.l(use_no_semi.o)
    0x080007ee   0x080007ee   0x00000000   Code   RO         1127    .text               c_p.l(indicate_semi.o)
    0x080007ee   0x080007ee   0x0000003e   Code   RO         1128    .text               c_p.l(sys_stackheap_outer.o)
    0x0800082c   0x0800082c   0x00000010   Code   RO         1135    .text               c_p.l(exit.o)
    0x0800083c   0x0800083c   0x0000000c   Code   RO         1137    .text               c_p.l(defsig_exit.o)
    0x08000848   0x08000848   0x00000050   Code   RO         1143    .text               c_p.l(defsig_rtmem_inner.o)
    0x08000898   0x08000898   0x0000000c   Code   RO         1159    .text               c_p.l(sys_exit.o)
    0x080008a4   0x080008a4   0x00000034   Code   RO         1172    .text               c_p.l(defsig_general.o)
    0x080008d8   0x080008d8   0x0000000c   Code   RO         1194    .text               c_p.l(sys_wrch.o)
    0x080008e4   0x080008e4   0x00000060   Code   RO         1226    .text               c_p.l(__dclz77c.o)
    0x08000944   0x08000944   0x000000b8   Code   RO          161    .text.ADC_Enable    stm32f0xx_hal_adc.o
    0x080009fc   0x080009fc   0x000000e8   Code   RO           49    .text.ApproxGesture  main.o
    0x08000ae4   0x08000ae4   0x000001d4   Code   RO           55    .text.CharReader    main.o
    0x08000cb8   0x08000cb8   0x00000148   Code   RO          195    .text.HAL_ADC_ConfigChannel  stm32f0xx_hal_adc.o
    0x08000e00   0x08000e00   0x00000006   Code   RO          183    .text.HAL_ADC_GetValue  stm32f0xx_hal_adc.o
    0x08000e06   0x08000e06   0x00000002   PAD
    0x08000e08   0x08000e08   0x00000150   Code   RO          151    .text.HAL_ADC_Init  stm32f0xx_hal_adc.o
    0x08000f58   0x08000f58   0x000000a4   Code   RO          139    .text.HAL_ADC_MspInit  stm32f0xx_hal_msp.o
    0x08000ffc   0x08000ffc   0x0000011e   Code   RO          165    .text.HAL_ADC_PollForConversion  stm32f0xx_hal_adc.o
    0x0800111a   0x0800111a   0x00000002   PAD
    0x0800111c   0x0800111c   0x0000005c   Code   RO          159    .text.HAL_ADC_Start  stm32f0xx_hal_adc.o
    0x08001178   0x08001178   0x000000cc   Code   RO          163    .text.HAL_ADC_Stop  stm32f0xx_hal_adc.o
    0x08001244   0x08001244   0x00000020   Code   RO          307    .text.HAL_Delay     stm32f0xx_hal.o
    0x08001264   0x08001264   0x0000018c   Code   RO          517    .text.HAL_GPIO_Init  stm32f0xx_hal_gpio.o
    0x080013f0   0x080013f0   0x00000008   Code   RO          299    .text.HAL_GetTick   stm32f0xx_hal.o
    0x080013f8   0x080013f8   0x00000014   Code   RO          297    .text.HAL_IncTick   stm32f0xx_hal.o
    0x0800140c   0x0800140c   0x0000001c   Code   RO          287    .text.HAL_Init      stm32f0xx_hal.o
    0x08001428   0x08001428   0x00000040   Code   RO          289    .text.HAL_InitTick  stm32f0xx_hal.o
    0x08001468   0x08001468   0x0000002c   Code   RO          137    .text.HAL_MspInit   stm32f0xx_hal_msp.o
    0x08001494   0x08001494   0x00000038   Code   RO          573    .text.HAL_NVIC_SetPriority  stm32f0xx_hal_cortex.o
    0x080014cc   0x080014cc   0x0000017c   Code   RO          224    .text.HAL_RCC_ClockConfig  stm32f0xx_hal_rcc.o
    0x08001648   0x08001648   0x000004a8   Code   RO          222    .text.HAL_RCC_OscConfig  stm32f0xx_hal_rcc.o
    0x08001af0   0x08001af0   0x00000034   Code   RO          581    .text.HAL_SYSTICK_Config  stm32f0xx_hal_cortex.o
    0x08001b24   0x08001b24   0x00000002   Code   RO          122    .text.HardFault_Handler  stm32f0xx_it.o
    0x08001b26   0x08001b26   0x00000002   Code   RO          120    .text.NMI_Handler   stm32f0xx_it.o
    0x08001b28   0x08001b28   0x00000002   Code   RO          126    .text.PendSV_Handler  stm32f0xx_it.o
    0x08001b2a   0x08001b2a   0x00000002   Code   RO          124    .text.SVC_Handler   stm32f0xx_it.o
    0x08001b2c   0x08001b2c   0x000001c4   Code   RO           41    .text.SaveGesture   main.o
    0x08001cf0   0x08001cf0   0x00000504   Code   RO           51    .text.StoreADC      main.o
    0x080021f4   0x080021f4   0x00000008   Code   RO          128    .text.SysTick_Handler  stm32f0xx_it.o
    0x080021fc   0x080021fc   0x00000002   Code   RO          746    .text.SystemInit    system_stm32f0xx.o
    0x080021fe   0x080021fe   0x00000002   PAD
    0x08002200   0x08002200   0x000001ac   Code   RO           43    .text.TestGesture   main.o
    0x080023ac   0x080023ac   0x0000038c   Code   RO           35    .text.UARTBegin     main.o
    0x08002738   0x08002738   0x00000454   Code   RO           11    .text.main          main.o
    0x08002b8c   0x08002b8c   0x000001f6   Code   RO          886    .text_divfast       c_p.l(aeabi_sdivfast.o)
    0x08002d82   0x08002d82   0x00000002   PAD
    0x08002d84   0x08002d84   0x0000008c   Code   RO          918    x$fpl$fadd          fz_ps.l(faddsub.o)
    0x08002e10   0x08002e10   0x000000b0   Code   RO          931    x$fpl$fmul          fz_ps.l(fmul.o)
    0x08002ec0   0x08002ec0   0x000000d0   Code   RO          920    x$fpl$fsub          fz_ps.l(faddsub.o)
    0x08002f90   0x08002f90   0x00000000   Code   RO         1054    x$fpl$usenofp       fz_ps.l(usenofp.o)
    0x08002f90   0x08002f90   0x00000040   Data   RO          925    .constdata          fz_ps.l(fdiv.o)
    0x08002fd0   0x08002fd0   0x00000014   Data   RO          102    .rodata..L__const.ADCInit.adc  main.o
    0x08002fe4   0x08002fe4   0x00000010   Data   RO          751    .rodata.AHBPrescTable  system_stm32f0xx.o
    0x08002ff4   0x08002ff4   0x00000020   Data   RO          246    .rodata.cst16       stm32f0xx_hal_rcc.o
    0x08003014   0x08003014   0x000001b9   Data   RO          101    .rodata.str1.1      main.o
    0x080031cd   0x080031cd   0x00000003   PAD
    0x080031d0   0x080031d0   0x00000020   Data   RO         1225    Region$$Table       anon$$obj.o


    Execution Region RW_IRAM1 (Exec base: 0x20000000, Load base: 0x080031f0, Size: 0x00000980, Max: 0x00004000, ABSOLUTE, COMPRESSED[0x000000e0])

    Exec Addr    Load Addr    Size         Type   Attr      Idx    E Section Name        Object

    0x20000000   COMPRESSED   0x00000055   Data   RW          109    .data..L_MergedGlobals  main.o
    0x20000055   COMPRESSED   0x00000003   PAD
    0x20000058   COMPRESSED   0x00000008   Data   RW          334    .data..L_MergedGlobals  stm32f0xx_hal.o
    0x20000060   COMPRESSED   0x0000007f   Data   RW          110    .data..L_MergedGlobals.24  main.o
    0x200000df   COMPRESSED   0x00000001   PAD
    0x200000e0   COMPRESSED   0x00000004   Data   RW          750    .data.SystemCoreClock  system_stm32f0xx.o
    0x200000e4   COMPRESSED   0x00000064   Data   RW           97    .data.errorMsgBadArgument  main.o
    0x20000148        -       0x00000060   Zero   RW         1078    .bss                c_p.l(libspace.o)
    0x200001a8        -       0x00000048   Zero   RW          111    .bss..L_MergedGlobals.25  main.o
    0x200001f0        -       0x00000140   Zero   RW          103    .bss.ADCLibrary     main.o
    0x20000330        -       0x00000040   Zero   RW          105    .bss.hadc           main.o
    0x20000370        -       0x00000008   Zero   RW          104    .bss.userInputArray  main.o
    0x20000378        -       0x00000004   Zero   RW          333    .bss.uwTick         stm32f0xx_hal.o
    0x2000037c   COMPRESSED   0x00000004   PAD
    0x20000380        -       0x00000200   Zero   RW            2    HEAP                startup_stm32f072xb.o
    0x20000580        -       0x00000400   Zero   RW            1    STACK               startup_stm32f072xb.o


==============================================================================

Image component sizes


      Code (inc. data)   RO Data    RW Data    ZI Data      Debug   Object Name

      4880        604        461        312        464      29259   main.o
        56         26        192          0       1536        632   startup_stm32f072xb.o
       152          8          0          8          4       5391   stm32f0xx_hal.o
      1436         52          0          0          0      14182   stm32f0xx_hal_adc.o
       108         20          0          0          0       5547   stm32f0xx_hal_cortex.o
       396         12          0          0          0       4962   stm32f0xx_hal_gpio.o
       208         20          0          0          0       4424   stm32f0xx_hal_msp.o
      1572         48         32          0          0       8346   stm32f0xx_hal_rcc.o
        16          0          0          0          0        713   stm32f0xx_it.o
         2          0         16          4          0       1713   system_stm32f0xx.o

    ----------------------------------------------------------------------
      8832        790        736        328       2008      75169   Object Totals
         0          0         32          0          0          0   (incl. Generated)
         6          0          3          4          4          0   (incl. Padding)

    ----------------------------------------------------------------------

      Code (inc. data)   RO Data    RW Data    ZI Data      Debug   Library Member Name

        44          4          0          0          0         84   __2sprintf.o
        96          0          0          0          0          0   __dclz77c.o
         8          0          0          0          0         68   __main.o
       190          0          0          0          0         76   __printf_ss.o
         0          0          0          0          0          0   __rtentry.o
        12          0          0          0          0          0   __rtentry2.o
         6          0          0          0          0          0   __rtentry4.o
        86         10          0          0          0          0   __scatter.o
        28          0          0          0          0          0   __scatter_zi.o
        48          6          0          0          0         88   _printf_char_common.o
       108         18          0          0          0         76   _printf_dec.o
       176          0          0          0          0         84   _printf_intcommon.o
         2          0          0          0          0          0   _printf_percent.o
         4          0          0          0          0          0   _printf_percent_end.o
        10          0          0          0          0          0   _printf_u.o
        10          0          0          0          0         60   _sputc.o
       502          0          0          0          0         92   aeabi_sdivfast.o
        12          0          0          0          0         68   defsig_exit.o
        52          0          0          0          0         72   defsig_general.o
        80         58          0          0          0         68   defsig_rtmem_inner.o
        12          0          0          0          0         68   defsig_rtmem_outer.o
        16          0          0          0          0         68   exit.o
        98          0          0          0          0         72   h1_alloc.o
        52          0          0          0          0         68   h1_extend.o
        76          0          0          0          0         72   h1_free.o
        12          0          0          0          0         76   h1_init.o
         6          0          0          0          0        136   heapauxi.o
         4          0          0          0          0        120   hguard.o
         0          0          0          0          0          0   indicate_semi.o
       136          0          0          0          0        160   init_alloc.o
         2          0          0          0          0          0   libinit.o
        10          0          0          0          0          0   libinit2.o
         2          0          0          0          0          0   libshutdown.o
         2          0          0          0          0          0   libshutdown2.o
         8          4          0          0         96         68   libspace.o
         0          0          0          0          0          0   maybetermalloc1.o
         8          4          0          0          0         68   rt_heap_descriptor_intlibspace.o
        64          0          0          0          0        108   rt_memclr.o
         2          0          0          0          0          0   rtexit.o
        10          0          0          0          0          0   rtexit2.o
        40          0          0          0          0         60   rtudiv10.o
        12          4          0          0          0         60   sys_exit.o
        62          0          0          0          0         80   sys_stackheap_outer.o
        12          0          0          0          0         68   sys_wrch.o
         2          0          0          0          0         68   use_no_semi.o
       348          8          0          0          0        160   faddsub.o
       352         10         64          0          0         92   fdiv.o
        48          0          0          0          0         60   ffixui.o
        94          0          0          0          0         92   fflti.o
       176          4          0          0          0         80   fmul.o
         0          0          0          0          0          0   usenofp.o

    ----------------------------------------------------------------------
      3152        130         64          0         96       2740   Library Totals
        12          0          0          0          0          0   (incl. Padding)

    ----------------------------------------------------------------------

      Code (inc. data)   RO Data    RW Data    ZI Data      Debug   Library Name

      2122        108          0          0         96       2256   c_p.l
      1018         22         64          0          0        484   fz_ps.l

    ----------------------------------------------------------------------
      3152        130         64          0         96       2740   Library Totals

    ----------------------------------------------------------------------

==============================================================================


      Code (inc. data)   RO Data    RW Data    ZI Data      Debug   

     11984        920        800        328       2104      76457   Grand Totals
     11984        920        800        224       2104      76457   ELF Image Totals (compressed)
     11984        920        800        224          0          0   ROM Totals

==============================================================================

    Total RO  Size (Code + RO Data)                12784 (  12.48kB)
    Total RW  Size (RW Data + ZI Data)              2432 (   2.38kB)
    Total ROM Size (Code + RO Data + RW Data)      13008 (  12.70kB)

==============================================================================

